******************************************************************************
            TI ARM Clang Linker PC v5.1.1                      
******************************************************************************
>> Linked Sat Jul 25 15:51:28 2026

OUTPUT FILE NAME:   <empty.out>
ENTRY POINT SYMBOL: "_c_int00_noargs"  address: 00003c89


MEMORY CONFIGURATION

         name            origin    length      used     unused   attr    fill
----------------------  --------  ---------  --------  --------  ----  --------
  FLASH                 00000000   00020000  00004068  0001bf98  R  X
  SRAM                  20200000   00008000  00000343  00007cbd  RW X
  BCR_CONFIG            41c00000   000000ff  00000000  000000ff  R   
  BSL_CONFIG            41c00100   00000080  00000000  00000080  R   


SEGMENT ALLOCATION MAP

run origin  load origin   length   init length attrs members
----------  ----------- ---------- ----------- ----- -------
00000000    00000000    00003e68   00003e68    r-x
  00000000    00000000    000000c0   000000c0    r-- .intvecs
  000000c0    000000c0    00003da8   00003da8    r-x .text
00003e70    00003e70    00000200   00000200    r--
  00003e70    00003e70    000001d0   000001d0    r-- .rodata
  00004040    00004040    00000030   00000030    r-- .cinit
20200000    20200000    00000143   00000000    rw-
  20200000    20200000    000000c0   00000000    rw- .bss
  202000c0    202000c0    00000083   00000000    rw- .data
20207e00    20207e00    00000200   00000000    rw-
  20207e00    20207e00    00000200   00000000    rw- .stack


SECTION ALLOCATION MAP

 output                                  attributes/
section   page    origin      length       input sections
--------  ----  ----------  ----------   ----------------
.intvecs   0    00000000    000000c0     
                  00000000    000000c0     startup_mspm0g350x_ticlang.o (.intvecs)

.text      0    000000c0    00003da8     
                  000000c0    00000f3c     empty.o (.text.main)
                  00000ffc    000008dc     libc.a : _printfi.c.obj (.text:__TI_printfi_nofloat)
                  000018d8    000008b0     empty.o (.text.gray_print_status)
                  00002188    0000065c     empty.o (.text.gray_handle_command)
                  000027e4    000004d4     empty.o (.text.gray_print_reference_summary)
                  00002cb8    000003a0     empty.o (.text.gray_print_help)
                  00003058    000001f8     empty.o (.text.gray_capture_reference)
                  00003250    00000148     empty.o (.text.gray_update_calibration)
                  00003398    00000104     driverlib.a : dl_timer.o (.text.DL_Timer_initFourCCPWMMode)
                  0000349c    000000a2     libclang_rt.builtins.a : udivmoddi4.S.obj (.text)
                  0000353e    0000009a     libc.a : memcpy16.S.obj (.text:memcpy)
                  000035d8    0000008e     empty.o (.text.command_equals)
                  00003666    00000002     startup_mspm0g350x_ticlang.o (.text.Default_Handler)
                  00003668    0000008c     ti_msp_dl_config.o (.text.SYSCFG_DL_MOTOR_PWM_init)
                  000036f4    0000007c     libc.a : copy_decompress_lzss.c.obj (.text:decompress:lzss)
                  00003770    00000062            : memset16.S.obj (.text:memset)
                  000037d2    00000002     libclang_rt.builtins.a : aeabi_div0.c.obj (.text.__aeabi_idiv0)
                  000037d4    00000060     ti_msp_dl_config.o (.text.SYSCFG_DL_UART_0_init)
                  00003834    0000005c     ti_msp_dl_config.o (.text.SYSCFG_DL_ADC12_0_init)
                  00003890    00000056     libclang_rt.builtins.a : aeabi_idivmod.S.obj (.text)
                  000038e6    00000002                            : aeabi_div0.c.obj (.text.__aeabi_ldiv0)
                  000038e8    00000054     ti_msp_dl_config.o (.text.SYSCFG_DL_GPIO_init)
                  0000393c    00000048     driverlib.a : dl_uart.o (.text.DL_UART_init)
                  00003984    00000048     ti_msp_dl_config.o (.text.SYSCFG_DL_initPower)
                  000039cc    00000048     libc.a : snprintf.c.obj (.text.snprintf)
                  00003a14    00000044            : atoi.c.obj (.text.atoi)
                  00003a58    00000040     driverlib.a : dl_adc12.o (.text.DL_ADC12_setClockConfig)
                  00003a98    00000040     libclang_rt.builtins.a : aeabi_uidivmod.S.obj (.text)
                  00003ad8    0000003c     libc.a : autoinit.c.obj (.text:__TI_auto_init_nobinit_nopinit)
                  00003b14    0000003a     libclang_rt.builtins.a : muldsi3.S.obj (.text)
                  00003b4e    00000032     libc.a : snprintf.c.obj (.text._outs)
                  00003b80    00000030     driverlib.a : dl_uart.o (.text.DL_UART_transmitDataBlocking)
                  00003bb0    00000030     ti_msp_dl_config.o (.text.SYSCFG_DL_SYSCTL_init)
                  00003be0    0000002c     empty.o (.text.gray_capture_black)
                  00003c0c    0000002c     empty.o (.text.gray_capture_white)
                  00003c38    00000028     empty.o (.text.ADC0_IRQHandler)
                  00003c60    00000028     ti_msp_dl_config.o (.text.SYSCFG_DL_init)
                  00003c88    00000028     libc.a : boot_cortex_m.c.obj (.text:_c_int00_noargs)
                  00003cb0    00000024     libclang_rt.builtins.a : muldi3.S.obj (.text)
                  00003cd4    00000022     libc.a : memccpy.c.obj (.text.memccpy)
                  00003cf6    00000002     --HOLE-- [fill = 0]
                  00003cf8    0000001e     libclang_rt.builtins.a : ashldi3.S.obj (.text)
                  00003d16    00000002     --HOLE-- [fill = 0]
                  00003d18    0000001c     driverlib.a : dl_timer.o (.text.DL_Timer_setCaptCompUpdateMethod)
                  00003d34    0000001c                 : dl_timer.o (.text.DL_Timer_setClockConfig)
                  00003d50    0000001c     empty.o (.text.uart_write_crlf)
                  00003d6c    0000001a     libclang_rt.builtins.a : aeabi_memset.S.obj (.text)
                  00003d86    00000002     --HOLE-- [fill = 0]
                  00003d88    00000018     driverlib.a : dl_timer.o (.text.DL_Timer_setCaptureCompareOutCtl)
                  00003da0    00000018     libc.a : snprintf.c.obj (.text._outc)
                  00003db8    00000016            : copy_zero_init.c.obj (.text:decompress:ZI:__TI_zero_init_nomemset)
                  00003dce    00000002     --HOLE-- [fill = 0]
                  00003dd0    00000014     libclang_rt.builtins.a : aeabi_uldivmod.S.obj (.text)
                  00003de4    00000012     driverlib.a : dl_uart.o (.text.DL_UART_setClockConfig)
                  00003df6    00000012     libc.a : copy_decompress_none.c.obj (.text:decompress:none)
                  00003e08    00000010     driverlib.a : dl_timer.o (.text.DL_Timer_setCaptureCompareValue)
                  00003e18    00000010     libc.a : wcslen.c.obj (.text.wcslen)
                  00003e28    0000000e            : _printfi.c.obj (.text.strlen)
                  00003e36    0000000a     driverlib.a : dl_common.o (.text.DL_Common_delayCycles)
                  00003e40    00000008     libc.a : aeabi_portable.c.obj (.text.__aeabi_errno_addr)
                  00003e48    00000008     libclang_rt.builtins.a : aeabi_memcpy.S.obj (.text)
                  00003e50    00000006     libc.a : exit.c.obj (.text:abort)
                  00003e56    00000004     libsysbm.a : hostexit.c.obj (.text.HOSTexit)
                  00003e5a    00000004     startup_mspm0g350x_ticlang.o (.text.Reset_Handler)
                  00003e5e    00000004     libc.a : pre_init.c.obj (.text._system_pre_init)
                  00003e62    00000006     --HOLE-- [fill = 0]

.cinit     0    00004040    00000030     
                  00004040    0000000c     (__TI_handler_table)
                  0000404c    00000008     (.cinit..bss.load) [load image, compression = zero_init]
                  00004054    00000008     (.cinit..data.load) [load image, compression = lzss]
                  0000405c    00000010     (__TI_cinit_table)
                  0000406c    00000004     --HOLE-- [fill = 0]

.rodata    0    00003e70    000001d0     
                  00003e70    00000101     libc.a : aeabi_ctype.S.obj (.rodata:__aeabi_ctype_table_)
                  00003f71    00000011            : _printfi.c.obj (.rodata.str1.10348868589481759720.1)
                  00003f82    00000011            : _printfi.c.obj (.rodata.str1.15363888844622738466.1)
                  00003f93    00000011     empty.o (.rodata.str1.17100365937914993862.1)
                  00003fa4    00000010     empty.o (.rodata..Lswitch.table.main)
                  00003fb4    0000000c     empty.o (.rodata..Lswitch.table.gray_print_status)
                  00003fc0    0000000a     ti_msp_dl_config.o (.rodata.gUART_0Config)
                  00003fca    00000009     empty.o (.rodata.str1.13261240389824687667.1)
                  00003fd3    00000001     --HOLE-- [fill = 0]
                  00003fd4    00000008     ti_msp_dl_config.o (.rodata.gADC12_0ClockConfig)
                  00003fdc    00000008     ti_msp_dl_config.o (.rodata.gMOTOR_PWMConfig)
                  00003fe4    00000007     empty.o (.rodata.str1.17886131730342418705.1)
                  00003feb    00000006     empty.o (.rodata.str1.1253969330244694382.1)
                  00003ff1    00000006     empty.o (.rodata.str1.16709903642768270689.1)
                  00003ff7    00000006     empty.o (.rodata.str1.9273880872327455443.1)
                  00003ffd    00000005     empty.o (.rodata.str1.101204432782223354.1)
                  00004002    00000005     empty.o (.rodata.str1.15967779794922834835.1)
                  00004007    00000005     empty.o (.rodata.str1.16839123753901408871.1)
                  0000400c    00000005     empty.o (.rodata.str1.9304625059846063805.1)
                  00004011    00000004     empty.o (.rodata.str1.10059295903439925133.1)
                  00004015    00000004     empty.o (.rodata.str1.136983083021898529.1)
                  00004019    00000004     empty.o (.rodata.str1.17676052816137622666.1)
                  0000401d    00000004     empty.o (.rodata.str1.7495650265820658336.1)
                  00004021    00000003     ti_msp_dl_config.o (.rodata.gMOTOR_PWMClockConfig)
                  00004024    00000002     ti_msp_dl_config.o (.rodata.gUART_0ClockConfig)
                  00004026    00000002     empty.o (.rodata.str1.15486159998237592746.1)
                  00004028    00000002     empty.o (.rodata.str1.15930989295766594416.1)
                  0000402a    00000002     empty.o (.rodata.str1.18230774644621384456.1)
                  0000402c    00000002     empty.o (.rodata.str1.4000995719088696555.1)
                  0000402e    00000002     empty.o (.rodata.str1.5100843677217179155.1)
                  00004030    00000002     empty.o (.rodata.str1.5792233746214848027.1)
                  00004032    00000002     empty.o (.rodata.str1.6969777895189110550.1)
                  00004034    00000002     empty.o (.rodata.str1.7079713434352825882.1)
                  00004036    0000000a     --HOLE-- [fill = 0]

.init_array 
*          0    00000000    00000000     UNINITIALIZED

.binit     0    00000000    00000000     

.bss       0    20200000    000000c0     UNINITIALIZED
                  20200000    000000a0     (.common:gMOTOR_PWMBackup)
                  202000a0    00000020     empty.o (.bss.gCmdBuf)

.data      0    202000c0    00000083     UNINITIALIZED
                  202000c0    0000007c     empty.o (.data.gCal)
                  2020013c    00000004     libc.a : aeabi_portable.c.obj (.data.__aeabi_errno)
                  20200140    00000001     empty.o (.data.gAdcReady)
                  20200141    00000001     empty.o (.data.gCmdLen)
                  20200142    00000001     empty.o (.data.gStreamMode)

.stack     0    20207e00    00000200     UNINITIALIZED
                  20207e00    00000004     libc.a : boot_cortex_m.c.obj (.stack)
                  20207e04    000001fc     --HOLE--

__llvm_prf_cnts 
*          0    20200000    00000000     UNINITIALIZED

__llvm_prf_bits 
*          0    20200000    00000000     UNINITIALIZED

MODULE SUMMARY

       Module                         code    ro data   rw data
       ------                         ----    -------   -------
    .\
       empty.o                        11046   131       159    
       ti_msp_dl_config.o             572     31        160    
       startup_mspm0g350x_ticlang.o   6       192       0      
    +--+------------------------------+-------+---------+---------+
       Total:                         11624   354       319    
                                                               
    C:/TI/mspm0_sdk_2_11_00_07/source/ti/driverlib/lib/ticlang/m0p/mspm0g1x0x_g3x0x/driverlib.a
       dl_timer.o                     356     0         0      
       dl_uart.o                      138     0         0      
       dl_adc12.o                     64      0         0      
       dl_common.o                    10      0         0      
    +--+------------------------------+-------+---------+---------+
       Total:                         568     0         0      
                                                               
    D:\ccs\install\ccs\tools\compiler\ti-cgt-armllvm_5.1.1.LTS\lib\armv6m-ti-none-eabi/c/libc.a
       _printfi.c.obj                 2282    34        0      
       aeabi_ctype.S.obj              0       257       0      
       memcpy16.S.obj                 154     0         0      
       snprintf.c.obj                 146     0         0      
       copy_decompress_lzss.c.obj     124     0         0      
       memset16.S.obj                 98      0         0      
       atoi.c.obj                     68      0         0      
       autoinit.c.obj                 60      0         0      
       boot_cortex_m.c.obj            40      0         0      
       memccpy.c.obj                  34      0         0      
       copy_zero_init.c.obj           22      0         0      
       copy_decompress_none.c.obj     18      0         0      
       wcslen.c.obj                   16      0         0      
       aeabi_portable.c.obj           8       0         4      
       exit.c.obj                     6       0         0      
       pre_init.c.obj                 4       0         0      
    +--+------------------------------+-------+---------+---------+
       Total:                         3080    291       4      
                                                               
    D:\ccs\install\ccs\tools\compiler\ti-cgt-armllvm_5.1.1.LTS\lib\armv6m-ti-none-eabi/c/libsysbm.a
       hostexit.c.obj                 4       0         0      
    +--+------------------------------+-------+---------+---------+
       Total:                         4       0         0      
                                                               
    D:\ccs\install\ccs\tools\compiler\ti-cgt-armllvm_5.1.1.LTS\lib\armv6m-ti-none-eabi/libclang_rt.builtins.a
       udivmoddi4.S.obj               162     0         0      
       aeabi_idivmod.S.obj            86      0         0      
       aeabi_uidivmod.S.obj           64      0         0      
       muldsi3.S.obj                  58      0         0      
       muldi3.S.obj                   36      0         0      
       ashldi3.S.obj                  30      0         0      
       aeabi_memset.S.obj             26      0         0      
       aeabi_uldivmod.S.obj           20      0         0      
       aeabi_memcpy.S.obj             8       0         0      
       aeabi_div0.c.obj               4       0         0      
    +--+------------------------------+-------+---------+---------+
       Total:                         494     0         0      
                                                               
       Stack:                         0       0         512    
       Linker Generated:              0       44        0      
    +--+------------------------------+-------+---------+---------+
       Grand Total:                   15770   689       835    


LINKER GENERATED COPY TABLES

__TI_cinit_table @ 0000405c records: 2, size/record: 8, table size: 16
	.bss: load addr=0000404c, load size=00000008 bytes, run addr=20200000, run size=000000c0 bytes, compression=zero_init
	.data: load addr=00004054, load size=00000008 bytes, run addr=202000c0, run size=00000083 bytes, compression=lzss


LINKER GENERATED HANDLER TABLE

__TI_handler_table @ 00004040 records: 3, size/record: 4, table size: 12
	index: 0, handler: __TI_decompress_lzss
	index: 1, handler: __TI_decompress_none
	index: 2, handler: __TI_zero_init


GLOBAL SYMBOLS: SORTED ALPHABETICALLY BY Name 

address   name                            
-------   ----                            
00003c39  ADC0_IRQHandler                 
00003667  ADC1_IRQHandler                 
00003667  AES_IRQHandler                  
00003e56  C$$EXIT                         
00003667  CANFD0_IRQHandler               
00003667  DAC0_IRQHandler                 
00003a59  DL_ADC12_setClockConfig         
00003e37  DL_Common_delayCycles           
00003399  DL_Timer_initFourCCPWMMode      
00003d19  DL_Timer_setCaptCompUpdateMethod
00003d89  DL_Timer_setCaptureCompareOutCtl
00003e09  DL_Timer_setCaptureCompareValue 
00003d35  DL_Timer_setClockConfig         
0000393d  DL_UART_init                    
00003de5  DL_UART_setClockConfig          
00003b81  DL_UART_transmitDataBlocking    
00003667  DMA_IRQHandler                  
00003667  Default_Handler                 
00003667  GROUP0_IRQHandler               
00003667  GROUP1_IRQHandler               
00003e57  HOSTexit                        
00003667  HardFault_Handler               
00003667  I2C0_IRQHandler                 
00003667  I2C1_IRQHandler                 
00003667  NMI_Handler                     
00003667  PendSV_Handler                  
00003667  RTC_IRQHandler                  
00003e5b  Reset_Handler                   
00003667  SPI0_IRQHandler                 
00003667  SPI1_IRQHandler                 
00003667  SVC_Handler                     
00003835  SYSCFG_DL_ADC12_0_init          
000038e9  SYSCFG_DL_GPIO_init             
00003669  SYSCFG_DL_MOTOR_PWM_init        
00003bb1  SYSCFG_DL_SYSCTL_init           
000037d5  SYSCFG_DL_UART_0_init           
00003c61  SYSCFG_DL_init                  
00003985  SYSCFG_DL_initPower             
00003667  SysTick_Handler                 
00003667  TIMA0_IRQHandler                
00003667  TIMA1_IRQHandler                
00003667  TIMG0_IRQHandler                
00003667  TIMG12_IRQHandler               
00003667  TIMG6_IRQHandler                
00003667  TIMG7_IRQHandler                
00003667  TIMG8_IRQHandler                
00003667  UART0_IRQHandler                
00003667  UART1_IRQHandler                
00003667  UART2_IRQHandler                
00003667  UART3_IRQHandler                
20208000  __STACK_END                     
00000200  __STACK_SIZE                    
00000000  __TI_ATRegion0_region_sz        
00000000  __TI_ATRegion0_src_addr         
00000000  __TI_ATRegion0_trg_addr         
00000000  __TI_ATRegion1_region_sz        
00000000  __TI_ATRegion1_src_addr         
00000000  __TI_ATRegion1_trg_addr         
00000000  __TI_ATRegion2_region_sz        
00000000  __TI_ATRegion2_src_addr         
00000000  __TI_ATRegion2_trg_addr         
0000405c  __TI_CINIT_Base                 
0000406c  __TI_CINIT_Limit                
0000406c  __TI_CINIT_Warm                 
00004040  __TI_Handler_Table_Base         
0000404c  __TI_Handler_Table_Limit        
00003ad9  __TI_auto_init_nobinit_nopinit  
000036f5  __TI_decompress_lzss            
00003df7  __TI_decompress_none            
ffffffff  __TI_pprof_out_hndl             
00000ffd  __TI_printfi_nofloat            
ffffffff  __TI_prof_data_size             
ffffffff  __TI_prof_data_start            
00000000  __TI_static_base__              
00003db9  __TI_zero_init_nomemset         
00003e70  __aeabi_ctype_table_            
00003e70  __aeabi_ctype_table_C           
2020013c  __aeabi_errno                   
00003e41  __aeabi_errno_addr              
00003891  __aeabi_idiv                    
000037d3  __aeabi_idiv0                   
00003891  __aeabi_idivmod                 
000038e7  __aeabi_ldiv0                   
00003cf9  __aeabi_llsl                    
00003cb1  __aeabi_lmul                    
00003d7b  __aeabi_memclr                  
00003d7b  __aeabi_memclr4                 
00003d7b  __aeabi_memclr8                 
00003e49  __aeabi_memcpy                  
00003e49  __aeabi_memcpy4                 
00003e49  __aeabi_memcpy8                 
00003d6d  __aeabi_memset                  
00003d6d  __aeabi_memset4                 
00003d6d  __aeabi_memset8                 
00003a99  __aeabi_uidiv                   
00003a99  __aeabi_uidivmod                
00003dd1  __aeabi_uldivmod                
00003cf9  __ashldi3                       
ffffffff  __binit__                       
UNDEFED   __mpu_init                      
00003cb1  __muldi3                        
00003b15  __muldsi3                       
20207e00  __stack                         
20200000  __start___llvm_prf_bits         
20200000  __start___llvm_prf_cnts         
20200000  __stop___llvm_prf_bits          
20200000  __stop___llvm_prf_cnts          
0000349d  __udivmoddi4                    
00003c89  _c_int00_noargs                 
UNDEFED   _system_post_cinit              
00003e5f  _system_pre_init                
00003e51  abort                           
00003a15  atoi                            
ffffffff  binit                           
20200000  gMOTOR_PWMBackup                
00000000  interruptVectors                
000000c1  main                            
00003cd5  memccpy                         
0000353f  memcpy                          
00003771  memset                          
000039cd  snprintf                        
00003e19  wcslen                          


GLOBAL SYMBOLS: SORTED BY Symbol Address 

address   name                            
-------   ----                            
00000000  __TI_ATRegion0_region_sz        
00000000  __TI_ATRegion0_src_addr         
00000000  __TI_ATRegion0_trg_addr         
00000000  __TI_ATRegion1_region_sz        
00000000  __TI_ATRegion1_src_addr         
00000000  __TI_ATRegion1_trg_addr         
00000000  __TI_ATRegion2_region_sz        
00000000  __TI_ATRegion2_src_addr         
00000000  __TI_ATRegion2_trg_addr         
00000000  __TI_static_base__              
00000000  interruptVectors                
000000c1  main                            
00000200  __STACK_SIZE                    
00000ffd  __TI_printfi_nofloat            
00003399  DL_Timer_initFourCCPWMMode      
0000349d  __udivmoddi4                    
0000353f  memcpy                          
00003667  ADC1_IRQHandler                 
00003667  AES_IRQHandler                  
00003667  CANFD0_IRQHandler               
00003667  DAC0_IRQHandler                 
00003667  DMA_IRQHandler                  
00003667  Default_Handler                 
00003667  GROUP0_IRQHandler               
00003667  GROUP1_IRQHandler               
00003667  HardFault_Handler               
00003667  I2C0_IRQHandler                 
00003667  I2C1_IRQHandler                 
00003667  NMI_Handler                     
00003667  PendSV_Handler                  
00003667  RTC_IRQHandler                  
00003667  SPI0_IRQHandler                 
00003667  SPI1_IRQHandler                 
00003667  SVC_Handler                     
00003667  SysTick_Handler                 
00003667  TIMA0_IRQHandler                
00003667  TIMA1_IRQHandler                
00003667  TIMG0_IRQHandler                
00003667  TIMG12_IRQHandler               
00003667  TIMG6_IRQHandler                
00003667  TIMG7_IRQHandler                
00003667  TIMG8_IRQHandler                
00003667  UART0_IRQHandler                
00003667  UART1_IRQHandler                
00003667  UART2_IRQHandler                
00003667  UART3_IRQHandler                
00003669  SYSCFG_DL_MOTOR_PWM_init        
000036f5  __TI_decompress_lzss            
00003771  memset                          
000037d3  __aeabi_idiv0                   
000037d5  SYSCFG_DL_UART_0_init           
00003835  SYSCFG_DL_ADC12_0_init          
00003891  __aeabi_idiv                    
00003891  __aeabi_idivmod                 
000038e7  __aeabi_ldiv0                   
000038e9  SYSCFG_DL_GPIO_init             
0000393d  DL_UART_init                    
00003985  SYSCFG_DL_initPower             
000039cd  snprintf                        
00003a15  atoi                            
00003a59  DL_ADC12_setClockConfig         
00003a99  __aeabi_uidiv                   
00003a99  __aeabi_uidivmod                
00003ad9  __TI_auto_init_nobinit_nopinit  
00003b15  __muldsi3                       
00003b81  DL_UART_transmitDataBlocking    
00003bb1  SYSCFG_DL_SYSCTL_init           
00003c39  ADC0_IRQHandler                 
00003c61  SYSCFG_DL_init                  
00003c89  _c_int00_noargs                 
00003cb1  __aeabi_lmul                    
00003cb1  __muldi3                        
00003cd5  memccpy                         
00003cf9  __aeabi_llsl                    
00003cf9  __ashldi3                       
00003d19  DL_Timer_setCaptCompUpdateMethod
00003d35  DL_Timer_setClockConfig         
00003d6d  __aeabi_memset                  
00003d6d  __aeabi_memset4                 
00003d6d  __aeabi_memset8                 
00003d7b  __aeabi_memclr                  
00003d7b  __aeabi_memclr4                 
00003d7b  __aeabi_memclr8                 
00003d89  DL_Timer_setCaptureCompareOutCtl
00003db9  __TI_zero_init_nomemset         
00003dd1  __aeabi_uldivmod                
00003de5  DL_UART_setClockConfig          
00003df7  __TI_decompress_none            
00003e09  DL_Timer_setCaptureCompareValue 
00003e19  wcslen                          
00003e37  DL_Common_delayCycles           
00003e41  __aeabi_errno_addr              
00003e49  __aeabi_memcpy                  
00003e49  __aeabi_memcpy4                 
00003e49  __aeabi_memcpy8                 
00003e51  abort                           
00003e56  C$$EXIT                         
00003e57  HOSTexit                        
00003e5b  Reset_Handler                   
00003e5f  _system_pre_init                
00003e70  __aeabi_ctype_table_            
00003e70  __aeabi_ctype_table_C           
00004040  __TI_Handler_Table_Base         
0000404c  __TI_Handler_Table_Limit        
0000405c  __TI_CINIT_Base                 
0000406c  __TI_CINIT_Limit                
0000406c  __TI_CINIT_Warm                 
20200000  __start___llvm_prf_bits         
20200000  __start___llvm_prf_cnts         
20200000  __stop___llvm_prf_bits          
20200000  __stop___llvm_prf_cnts          
20200000  gMOTOR_PWMBackup                
2020013c  __aeabi_errno                   
20207e00  __stack                         
20208000  __STACK_END                     
ffffffff  __TI_pprof_out_hndl             
ffffffff  __TI_prof_data_size             
ffffffff  __TI_prof_data_start            
ffffffff  __binit__                       
ffffffff  binit                           
UNDEFED   __mpu_init                      
UNDEFED   _system_post_cinit              

[122 symbols]
