<?xml version="1.0" encoding="ISO-8859-1" ?>
<link_info>
   <banner>TI ARM Clang Linker PC v5.1.1.LTS</banner>
   <copyright>Copyright (c) 1996-2018 Texas Instruments Incorporated</copyright>
   <command_line>D:\ccs\install\ccs\tools\compiler\ti-cgt-armllvm_5.1.1.LTS\bin\tiarmlnk -ID:\ccs\install\ccs\tools\compiler\ti-cgt-armllvm_5.1.1.LTS\lib -o empty.out --cg_opt_level=2 -mempty.map -iC:/TI/mspm0_sdk_2_11_00_07/source -iD:/ccs/workspace/code/empty -iD:/ccs/workspace/code/empty/Debug/syscfg -iD:/ccs/install/ccs/tools/compiler/ti-cgt-armllvm_5.1.1.LTS/lib --diag_wrap=off --display_error_number --warn_sections --xml_link_info=empty_linkInfo.xml --rom_model ./empty.o ./ti_msp_dl_config.o ./startup_mspm0g350x_ticlang.o -l./device_linker.cmd -ldevice.cmd.genlibs -llibc.a --start-group -llibc++.a -llibc++abi.a -llibc.a -llibsys.a -llibsysbm.a -llibclang_rt.builtins.a -llibclang_rt.profile.a --end-group</command_line>
   <link_time>0x6a646b00</link_time>
   <link_errors>0x0</link_errors>
   <output_file>D:\ccs\workspace\code\empty\Debug\empty.out</output_file>
   <entry_point>
      <name>_c_int00_noargs</name>
      <address>0x3c89</address>
   </entry_point>
   <input_file_list>
      <input_file id="fl-1">
         <path>D:\ccs\workspace\code\empty\Debug\.\</path>
         <kind>object</kind>
         <file>empty.o</file>
         <name>empty.o</name>
      </input_file>
      <input_file id="fl-2">
         <path>D:\ccs\workspace\code\empty\Debug\.\</path>
         <kind>object</kind>
         <file>ti_msp_dl_config.o</file>
         <name>ti_msp_dl_config.o</name>
      </input_file>
      <input_file id="fl-3">
         <path>D:\ccs\workspace\code\empty\Debug\.\</path>
         <kind>object</kind>
         <file>startup_mspm0g350x_ticlang.o</file>
         <name>startup_mspm0g350x_ticlang.o</name>
      </input_file>
      <input_file id="fl-10">
         <path>D:\ccs\workspace\code\empty\Debug\</path>
         <kind>object</kind>
         <file>&lt;internal&gt;</file>
         <name>&lt;internal&gt;</name>
      </input_file>
      <input_file id="fl-11">
         <path>C:\TI\mspm0_sdk_2_11_00_07\source\ti\driverlib\lib\ticlang\m0p\mspm0g1x0x_g3x0x\</path>
         <kind>archive</kind>
         <file>driverlib.a</file>
         <name>dl_adc12.o</name>
      </input_file>
      <input_file id="fl-12">
         <path>C:\TI\mspm0_sdk_2_11_00_07\source\ti\driverlib\lib\ticlang\m0p\mspm0g1x0x_g3x0x\</path>
         <kind>archive</kind>
         <file>driverlib.a</file>
         <name>dl_common.o</name>
      </input_file>
      <input_file id="fl-13">
         <path>C:\TI\mspm0_sdk_2_11_00_07\source\ti\driverlib\lib\ticlang\m0p\mspm0g1x0x_g3x0x\</path>
         <kind>archive</kind>
         <file>driverlib.a</file>
         <name>dl_timer.o</name>
      </input_file>
      <input_file id="fl-14">
         <path>C:\TI\mspm0_sdk_2_11_00_07\source\ti\driverlib\lib\ticlang\m0p\mspm0g1x0x_g3x0x\</path>
         <kind>archive</kind>
         <file>driverlib.a</file>
         <name>dl_uart.o</name>
      </input_file>
      <input_file id="fl-31">
         <path>D:\ccs\install\ccs\tools\compiler\ti-cgt-armllvm_5.1.1.LTS\lib\armv6m-ti-none-eabi\c\</path>
         <kind>archive</kind>
         <file>libc.a</file>
         <name>snprintf.c.obj</name>
      </input_file>
      <input_file id="fl-32">
         <path>D:\ccs\install\ccs\tools\compiler\ti-cgt-armllvm_5.1.1.LTS\lib\armv6m-ti-none-eabi\c\</path>
         <kind>archive</kind>
         <file>libc.a</file>
         <name>boot_cortex_m.c.obj</name>
      </input_file>
      <input_file id="fl-33">
         <path>D:\ccs\install\ccs\tools\compiler\ti-cgt-armllvm_5.1.1.LTS\lib\armv6m-ti-none-eabi\c\</path>
         <kind>archive</kind>
         <file>libc.a</file>
         <name>mathacl_init.c.obj</name>
      </input_file>
      <input_file id="fl-34">
         <path>D:\ccs\install\ccs\tools\compiler\ti-cgt-armllvm_5.1.1.LTS\lib\armv6m-ti-none-eabi\c\</path>
         <kind>archive</kind>
         <file>libc.a</file>
         <name>autoinit.c.obj</name>
      </input_file>
      <input_file id="fl-35">
         <path>D:\ccs\install\ccs\tools\compiler\ti-cgt-armllvm_5.1.1.LTS\lib\armv6m-ti-none-eabi\c\</path>
         <kind>archive</kind>
         <file>libc.a</file>
         <name>pre_init.c.obj</name>
      </input_file>
      <input_file id="fl-36">
         <path>D:\ccs\install\ccs\tools\compiler\ti-cgt-armllvm_5.1.1.LTS\lib\armv6m-ti-none-eabi\c\</path>
         <kind>archive</kind>
         <file>libc.a</file>
         <name>cpy_tbl.c.obj</name>
      </input_file>
      <input_file id="fl-37">
         <path>D:\ccs\install\ccs\tools\compiler\ti-cgt-armllvm_5.1.1.LTS\lib\armv6m-ti-none-eabi\c\</path>
         <kind>archive</kind>
         <file>libc.a</file>
         <name>copy_zero_init.c.obj</name>
      </input_file>
      <input_file id="fl-38">
         <path>D:\ccs\install\ccs\tools\compiler\ti-cgt-armllvm_5.1.1.LTS\lib\armv6m-ti-none-eabi\c\</path>
         <kind>archive</kind>
         <file>libc.a</file>
         <name>copy_decompress_none.c.obj</name>
      </input_file>
      <input_file id="fl-39">
         <path>D:\ccs\install\ccs\tools\compiler\ti-cgt-armllvm_5.1.1.LTS\lib\armv6m-ti-none-eabi\c\</path>
         <kind>archive</kind>
         <file>libc.a</file>
         <name>copy_decompress_lzss.c.obj</name>
      </input_file>
      <input_file id="fl-3a">
         <path>D:\ccs\install\ccs\tools\compiler\ti-cgt-armllvm_5.1.1.LTS\lib\armv6m-ti-none-eabi\c\</path>
         <kind>archive</kind>
         <file>libc.a</file>
         <name>_printfi.c.obj</name>
      </input_file>
      <input_file id="fl-3b">
         <path>D:\ccs\install\ccs\tools\compiler\ti-cgt-armllvm_5.1.1.LTS\lib\armv6m-ti-none-eabi\c\</path>
         <kind>archive</kind>
         <file>libc.a</file>
         <name>aeabi_portable.c.obj</name>
      </input_file>
      <input_file id="fl-3c">
         <path>D:\ccs\install\ccs\tools\compiler\ti-cgt-armllvm_5.1.1.LTS\lib\armv6m-ti-none-eabi\c\</path>
         <kind>archive</kind>
         <file>libc.a</file>
         <name>exit.c.obj</name>
      </input_file>
      <input_file id="fl-3d">
         <path>D:\ccs\install\ccs\tools\compiler\ti-cgt-armllvm_5.1.1.LTS\lib\armv6m-ti-none-eabi\c\</path>
         <kind>archive</kind>
         <file>libc.a</file>
         <name>_lock.c.obj</name>
      </input_file>
      <input_file id="fl-3e">
         <path>D:\ccs\install\ccs\tools\compiler\ti-cgt-armllvm_5.1.1.LTS\lib\armv6m-ti-none-eabi\c\</path>
         <kind>archive</kind>
         <file>libc.a</file>
         <name>_ltoa.c.obj</name>
      </input_file>
      <input_file id="fl-3f">
         <path>D:\ccs\install\ccs\tools\compiler\ti-cgt-armllvm_5.1.1.LTS\lib\armv6m-ti-none-eabi\c\</path>
         <kind>archive</kind>
         <file>libc.a</file>
         <name>args_main.c.obj</name>
      </input_file>
      <input_file id="fl-40">
         <path>D:\ccs\install\ccs\tools\compiler\ti-cgt-armllvm_5.1.1.LTS\lib\armv6m-ti-none-eabi\c\</path>
         <kind>archive</kind>
         <file>libc.a</file>
         <name>assert.c.obj</name>
      </input_file>
      <input_file id="fl-41">
         <path>D:\ccs\install\ccs\tools\compiler\ti-cgt-armllvm_5.1.1.LTS\lib\armv6m-ti-none-eabi\c\</path>
         <kind>archive</kind>
         <file>libc.a</file>
         <name>atoi.c.obj</name>
      </input_file>
      <input_file id="fl-42">
         <path>D:\ccs\install\ccs\tools\compiler\ti-cgt-armllvm_5.1.1.LTS\lib\armv6m-ti-none-eabi\c\</path>
         <kind>archive</kind>
         <file>libc.a</file>
         <name>defs.c.obj</name>
      </input_file>
      <input_file id="fl-43">
         <path>D:\ccs\install\ccs\tools\compiler\ti-cgt-armllvm_5.1.1.LTS\lib\armv6m-ti-none-eabi\c\</path>
         <kind>archive</kind>
         <file>libc.a</file>
         <name>memccpy.c.obj</name>
      </input_file>
      <input_file id="fl-44">
         <path>D:\ccs\install\ccs\tools\compiler\ti-cgt-armllvm_5.1.1.LTS\lib\armv6m-ti-none-eabi\c\</path>
         <kind>archive</kind>
         <file>libc.a</file>
         <name>memory.c.obj</name>
      </input_file>
      <input_file id="fl-45">
         <path>D:\ccs\install\ccs\tools\compiler\ti-cgt-armllvm_5.1.1.LTS\lib\armv6m-ti-none-eabi\c\</path>
         <kind>archive</kind>
         <file>libc.a</file>
         <name>s_frexp.c.obj</name>
      </input_file>
      <input_file id="fl-46">
         <path>D:\ccs\install\ccs\tools\compiler\ti-cgt-armllvm_5.1.1.LTS\lib\armv6m-ti-none-eabi\c\</path>
         <kind>archive</kind>
         <file>libc.a</file>
         <name>s_scalbn.c.obj</name>
      </input_file>
      <input_file id="fl-47">
         <path>D:\ccs\install\ccs\tools\compiler\ti-cgt-armllvm_5.1.1.LTS\lib\armv6m-ti-none-eabi\c\</path>
         <kind>archive</kind>
         <file>libc.a</file>
         <name>wcslen.c.obj</name>
      </input_file>
      <input_file id="fl-48">
         <path>D:\ccs\install\ccs\tools\compiler\ti-cgt-armllvm_5.1.1.LTS\lib\armv6m-ti-none-eabi\c\</path>
         <kind>archive</kind>
         <file>libc.a</file>
         <name>sprintf.c.obj</name>
      </input_file>
      <input_file id="fl-49">
         <path>D:\ccs\install\ccs\tools\compiler\ti-cgt-armllvm_5.1.1.LTS\lib\armv6m-ti-none-eabi\c\</path>
         <kind>archive</kind>
         <file>libc.a</file>
         <name>fflush.c.obj</name>
      </input_file>
      <input_file id="fl-4a">
         <path>D:\ccs\install\ccs\tools\compiler\ti-cgt-armllvm_5.1.1.LTS\lib\armv6m-ti-none-eabi\c\</path>
         <kind>archive</kind>
         <file>libc.a</file>
         <name>fputs.c.obj</name>
      </input_file>
      <input_file id="fl-4b">
         <path>D:\ccs\install\ccs\tools\compiler\ti-cgt-armllvm_5.1.1.LTS\lib\armv6m-ti-none-eabi\c\</path>
         <kind>archive</kind>
         <file>libc.a</file>
         <name>_io_perm.c.obj</name>
      </input_file>
      <input_file id="fl-4c">
         <path>D:\ccs\install\ccs\tools\compiler\ti-cgt-armllvm_5.1.1.LTS\lib\armv6m-ti-none-eabi\c\</path>
         <kind>archive</kind>
         <file>libc.a</file>
         <name>setvbuf.c.obj</name>
      </input_file>
      <input_file id="fl-4d">
         <path>D:\ccs\install\ccs\tools\compiler\ti-cgt-armllvm_5.1.1.LTS\lib\armv6m-ti-none-eabi\c\</path>
         <kind>archive</kind>
         <file>libc.a</file>
         <name>aeabi_ctype.S.obj</name>
      </input_file>
      <input_file id="fl-4e">
         <path>D:\ccs\install\ccs\tools\compiler\ti-cgt-armllvm_5.1.1.LTS\lib\armv6m-ti-none-eabi\c\</path>
         <kind>archive</kind>
         <file>libc.a</file>
         <name>fopen.c.obj</name>
      </input_file>
      <input_file id="fl-4f">
         <path>D:\ccs\install\ccs\tools\compiler\ti-cgt-armllvm_5.1.1.LTS\lib\armv6m-ti-none-eabi\c\</path>
         <kind>archive</kind>
         <file>libc.a</file>
         <name>fseek.c.obj</name>
      </input_file>
      <input_file id="fl-50">
         <path>D:\ccs\install\ccs\tools\compiler\ti-cgt-armllvm_5.1.1.LTS\lib\armv6m-ti-none-eabi\c\</path>
         <kind>archive</kind>
         <file>libc.a</file>
         <name>fclose.c.obj</name>
      </input_file>
      <input_file id="fl-144">
         <path>D:\ccs\install\ccs\tools\compiler\ti-cgt-armllvm_5.1.1.LTS\lib\armv6m-ti-none-eabi\c\</path>
         <kind>archive</kind>
         <file>libsysbm.a</file>
         <name>hostexit.c.obj</name>
      </input_file>
      <input_file id="fl-145">
         <path>D:\ccs\install\ccs\tools\compiler\ti-cgt-armllvm_5.1.1.LTS\lib\armv6m-ti-none-eabi\c\</path>
         <kind>archive</kind>
         <file>libsysbm.a</file>
         <name>write.c.obj</name>
      </input_file>
      <input_file id="fl-146">
         <path>D:\ccs\install\ccs\tools\compiler\ti-cgt-armllvm_5.1.1.LTS\lib\armv6m-ti-none-eabi\c\</path>
         <kind>archive</kind>
         <file>libsysbm.a</file>
         <name>host_device.c.obj</name>
      </input_file>
      <input_file id="fl-147">
         <path>D:\ccs\install\ccs\tools\compiler\ti-cgt-armllvm_5.1.1.LTS\lib\armv6m-ti-none-eabi\c\</path>
         <kind>archive</kind>
         <file>libsysbm.a</file>
         <name>remove.c.obj</name>
      </input_file>
      <input_file id="fl-148">
         <path>D:\ccs\install\ccs\tools\compiler\ti-cgt-armllvm_5.1.1.LTS\lib\armv6m-ti-none-eabi\c\</path>
         <kind>archive</kind>
         <file>libsysbm.a</file>
         <name>open.c.obj</name>
      </input_file>
      <input_file id="fl-149">
         <path>D:\ccs\install\ccs\tools\compiler\ti-cgt-armllvm_5.1.1.LTS\lib\armv6m-ti-none-eabi\c\</path>
         <kind>archive</kind>
         <file>libsysbm.a</file>
         <name>lseek.c.obj</name>
      </input_file>
      <input_file id="fl-14a">
         <path>D:\ccs\install\ccs\tools\compiler\ti-cgt-armllvm_5.1.1.LTS\lib\armv6m-ti-none-eabi\c\</path>
         <kind>archive</kind>
         <file>libsysbm.a</file>
         <name>close.c.obj</name>
      </input_file>
      <input_file id="fl-14b">
         <path>D:\ccs\install\ccs\tools\compiler\ti-cgt-armllvm_5.1.1.LTS\lib\armv6m-ti-none-eabi\c\</path>
         <kind>archive</kind>
         <file>libsysbm.a</file>
         <name>unlink.c.obj</name>
      </input_file>
      <input_file id="fl-14c">
         <path>D:\ccs\install\ccs\tools\compiler\ti-cgt-armllvm_5.1.1.LTS\lib\armv6m-ti-none-eabi\c\</path>
         <kind>archive</kind>
         <file>libsysbm.a</file>
         <name>hostclose.c.obj</name>
      </input_file>
      <input_file id="fl-14d">
         <path>D:\ccs\install\ccs\tools\compiler\ti-cgt-armllvm_5.1.1.LTS\lib\armv6m-ti-none-eabi\c\</path>
         <kind>archive</kind>
         <file>libsysbm.a</file>
         <name>hostlseek.c.obj</name>
      </input_file>
      <input_file id="fl-14e">
         <path>D:\ccs\install\ccs\tools\compiler\ti-cgt-armllvm_5.1.1.LTS\lib\armv6m-ti-none-eabi\c\</path>
         <kind>archive</kind>
         <file>libsysbm.a</file>
         <name>hostopen.c.obj</name>
      </input_file>
      <input_file id="fl-14f">
         <path>D:\ccs\install\ccs\tools\compiler\ti-cgt-armllvm_5.1.1.LTS\lib\armv6m-ti-none-eabi\c\</path>
         <kind>archive</kind>
         <file>libsysbm.a</file>
         <name>hostread.c.obj</name>
      </input_file>
      <input_file id="fl-150">
         <path>D:\ccs\install\ccs\tools\compiler\ti-cgt-armllvm_5.1.1.LTS\lib\armv6m-ti-none-eabi\c\</path>
         <kind>archive</kind>
         <file>libsysbm.a</file>
         <name>hostrename.c.obj</name>
      </input_file>
      <input_file id="fl-151">
         <path>D:\ccs\install\ccs\tools\compiler\ti-cgt-armllvm_5.1.1.LTS\lib\armv6m-ti-none-eabi\c\</path>
         <kind>archive</kind>
         <file>libsysbm.a</file>
         <name>hostunlink.c.obj</name>
      </input_file>
      <input_file id="fl-152">
         <path>D:\ccs\install\ccs\tools\compiler\ti-cgt-armllvm_5.1.1.LTS\lib\armv6m-ti-none-eabi\c\</path>
         <kind>archive</kind>
         <file>libsysbm.a</file>
         <name>hostwrite.c.obj</name>
      </input_file>
      <input_file id="fl-153">
         <path>D:\ccs\install\ccs\tools\compiler\ti-cgt-armllvm_5.1.1.LTS\lib\armv6m-ti-none-eabi\c\</path>
         <kind>archive</kind>
         <file>libsysbm.a</file>
         <name>trgmsg.c.obj</name>
      </input_file>
      <input_file id="fl-154">
         <path>D:\ccs\install\ccs\tools\compiler\ti-cgt-armllvm_5.1.1.LTS\lib\armv6m-ti-none-eabi\</path>
         <kind>archive</kind>
         <file>libclang_rt.builtins.a</file>
         <name>adddf3.S.obj</name>
      </input_file>
      <input_file id="fl-155">
         <path>D:\ccs\install\ccs\tools\compiler\ti-cgt-armllvm_5.1.1.LTS\lib\armv6m-ti-none-eabi\</path>
         <kind>archive</kind>
         <file>libclang_rt.builtins.a</file>
         <name>fixdfsi.S.obj</name>
      </input_file>
      <input_file id="fl-156">
         <path>D:\ccs\install\ccs\tools\compiler\ti-cgt-armllvm_5.1.1.LTS\lib\armv6m-ti-none-eabi\</path>
         <kind>archive</kind>
         <file>libclang_rt.builtins.a</file>
         <name>floatsidf.S.obj</name>
      </input_file>
      <input_file id="fl-157">
         <path>D:\ccs\install\ccs\tools\compiler\ti-cgt-armllvm_5.1.1.LTS\lib\armv6m-ti-none-eabi\</path>
         <kind>archive</kind>
         <file>libclang_rt.builtins.a</file>
         <name>muldi3.S.obj</name>
      </input_file>
      <input_file id="fl-158">
         <path>D:\ccs\install\ccs\tools\compiler\ti-cgt-armllvm_5.1.1.LTS\lib\armv6m-ti-none-eabi\</path>
         <kind>archive</kind>
         <file>libclang_rt.builtins.a</file>
         <name>comparedf2.c.obj</name>
      </input_file>
      <input_file id="fl-159">
         <path>D:\ccs\install\ccs\tools\compiler\ti-cgt-armllvm_5.1.1.LTS\lib\armv6m-ti-none-eabi\</path>
         <kind>archive</kind>
         <file>libclang_rt.builtins.a</file>
         <name>aeabi_dcmp.S.obj</name>
      </input_file>
      <input_file id="fl-15a">
         <path>D:\ccs\install\ccs\tools\compiler\ti-cgt-armllvm_5.1.1.LTS\lib\armv6m-ti-none-eabi\</path>
         <kind>archive</kind>
         <file>libclang_rt.builtins.a</file>
         <name>aeabi_ddiv.c.obj</name>
      </input_file>
      <input_file id="fl-15b">
         <path>D:\ccs\install\ccs\tools\compiler\ti-cgt-armllvm_5.1.1.LTS\lib\armv6m-ti-none-eabi\</path>
         <kind>archive</kind>
         <file>libclang_rt.builtins.a</file>
         <name>aeabi_dmul.c.obj</name>
      </input_file>
      <input_file id="fl-15c">
         <path>D:\ccs\install\ccs\tools\compiler\ti-cgt-armllvm_5.1.1.LTS\lib\armv6m-ti-none-eabi\</path>
         <kind>archive</kind>
         <file>libclang_rt.builtins.a</file>
         <name>aeabi_idivmod.S.obj</name>
      </input_file>
      <input_file id="fl-15d">
         <path>D:\ccs\install\ccs\tools\compiler\ti-cgt-armllvm_5.1.1.LTS\lib\armv6m-ti-none-eabi\</path>
         <kind>archive</kind>
         <file>libclang_rt.builtins.a</file>
         <name>aeabi_uidivmod.S.obj</name>
      </input_file>
      <input_file id="fl-15e">
         <path>D:\ccs\install\ccs\tools\compiler\ti-cgt-armllvm_5.1.1.LTS\lib\armv6m-ti-none-eabi\</path>
         <kind>archive</kind>
         <file>libclang_rt.builtins.a</file>
         <name>aeabi_uldivmod.S.obj</name>
      </input_file>
      <input_file id="fl-15f">
         <path>D:\ccs\install\ccs\tools\compiler\ti-cgt-armllvm_5.1.1.LTS\lib\armv6m-ti-none-eabi\</path>
         <kind>archive</kind>
         <file>libclang_rt.builtins.a</file>
         <name>aeabi_memcpy.S.obj</name>
      </input_file>
      <input_file id="fl-160">
         <path>D:\ccs\install\ccs\tools\compiler\ti-cgt-armllvm_5.1.1.LTS\lib\armv6m-ti-none-eabi\</path>
         <kind>archive</kind>
         <file>libclang_rt.builtins.a</file>
         <name>aeabi_memset.S.obj</name>
      </input_file>
      <input_file id="fl-161">
         <path>D:\ccs\install\ccs\tools\compiler\ti-cgt-armllvm_5.1.1.LTS\lib\armv6m-ti-none-eabi\</path>
         <kind>archive</kind>
         <file>libclang_rt.builtins.a</file>
         <name>udivmoddi4.S.obj</name>
      </input_file>
      <input_file id="fl-162">
         <path>D:\ccs\install\ccs\tools\compiler\ti-cgt-armllvm_5.1.1.LTS\lib\armv6m-ti-none-eabi\</path>
         <kind>archive</kind>
         <file>libclang_rt.builtins.a</file>
         <name>muldf3.S.obj</name>
      </input_file>
      <input_file id="fl-163">
         <path>D:\ccs\install\ccs\tools\compiler\ti-cgt-armllvm_5.1.1.LTS\lib\armv6m-ti-none-eabi\</path>
         <kind>archive</kind>
         <file>libclang_rt.builtins.a</file>
         <name>muldsi3.S.obj</name>
      </input_file>
      <input_file id="fl-164">
         <path>D:\ccs\install\ccs\tools\compiler\ti-cgt-armllvm_5.1.1.LTS\lib\armv6m-ti-none-eabi\</path>
         <kind>archive</kind>
         <file>libclang_rt.builtins.a</file>
         <name>ashldi3.S.obj</name>
      </input_file>
      <input_file id="fl-165">
         <path>D:\ccs\install\ccs\tools\compiler\ti-cgt-armllvm_5.1.1.LTS\lib\armv6m-ti-none-eabi\</path>
         <kind>archive</kind>
         <file>libclang_rt.builtins.a</file>
         <name>divdf3.S.obj</name>
      </input_file>
      <input_file id="fl-166">
         <path>D:\ccs\install\ccs\tools\compiler\ti-cgt-armllvm_5.1.1.LTS\lib\armv6m-ti-none-eabi\</path>
         <kind>archive</kind>
         <file>libclang_rt.builtins.a</file>
         <name>aeabi_div0.c.obj</name>
      </input_file>
      <input_file id="fl-167">
         <path>D:\ccs\install\ccs\tools\compiler\ti-cgt-armllvm_5.1.1.LTS\lib\armv6m-ti-none-eabi\c\</path>
         <kind>archive</kind>
         <file>libc.a</file>
         <name>divdf3_fast.c.obj</name>
      </input_file>
      <input_file id="fl-168">
         <path>D:\ccs\install\ccs\tools\compiler\ti-cgt-armllvm_5.1.1.LTS\lib\armv6m-ti-none-eabi\c\</path>
         <kind>archive</kind>
         <file>libc.a</file>
         <name>muldf3_fast.c.obj</name>
      </input_file>
      <input_file id="fl-169">
         <path>D:\ccs\install\ccs\tools\compiler\ti-cgt-armllvm_5.1.1.LTS\lib\armv6m-ti-none-eabi\c\</path>
         <kind>archive</kind>
         <file>libc.a</file>
         <name>getdevice.c.obj</name>
      </input_file>
      <input_file id="fl-16a">
         <path>D:\ccs\install\ccs\tools\compiler\ti-cgt-armllvm_5.1.1.LTS\lib\armv6m-ti-none-eabi\c\</path>
         <kind>archive</kind>
         <file>libc.a</file>
         <name>memcpy16.S.obj</name>
      </input_file>
      <input_file id="fl-16b">
         <path>D:\ccs\install\ccs\tools\compiler\ti-cgt-armllvm_5.1.1.LTS\lib\armv6m-ti-none-eabi\c\</path>
         <kind>archive</kind>
         <file>libc.a</file>
         <name>memset16.S.obj</name>
      </input_file>
      <input_file id="fl-16c">
         <path>D:\ccs\install\ccs\tools\compiler\ti-cgt-armllvm_5.1.1.LTS\lib\armv6m-ti-none-eabi\c\</path>
         <kind>archive</kind>
         <file>libc.a</file>
         <name>strcmp-armv6m.S.obj</name>
      </input_file>
   </input_file_list>
   <object_component_list>
      <object_component id="oc-18">
         <name>.intvecs</name>
         <load_address>0x0</load_address>
         <readonly>true</readonly>
         <run_address>0x0</run_address>
         <size>0xc0</size>
         <alignment>0x4</alignment>
         <input_file_ref idref="fl-3"/>
      </object_component>
      <object_component id="oc-6b">
         <name>.text.main</name>
         <load_address>0xc0</load_address>
         <readonly>true</readonly>
         <executable>true</executable>
         <run_address>0xc0</run_address>
         <size>0xf3c</size>
         <alignment>0x4</alignment>
         <input_file_ref idref="fl-1"/>
      </object_component>
      <object_component id="oc-12a">
         <name>.text:__TI_printfi_nofloat</name>
         <load_address>0xffc</load_address>
         <readonly>true</readonly>
         <executable>true</executable>
         <run_address>0xffc</run_address>
         <size>0x8dc</size>
         <alignment>0x4</alignment>
         <input_file_ref idref="fl-3a"/>
      </object_component>
      <object_component id="oc-de">
         <name>.text.gray_print_status</name>
         <load_address>0x18d8</load_address>
         <readonly>true</readonly>
         <executable>true</executable>
         <run_address>0x18d8</run_address>
         <size>0x8b0</size>
         <alignment>0x4</alignment>
         <input_file_ref idref="fl-1"/>
      </object_component>
      <object_component id="oc-90">
         <name>.text.gray_handle_command</name>
         <load_address>0x2188</load_address>
         <readonly>true</readonly>
         <executable>true</executable>
         <run_address>0x2188</run_address>
         <size>0x65c</size>
         <alignment>0x4</alignment>
         <input_file_ref idref="fl-1"/>
      </object_component>
      <object_component id="oc-11f">
         <name>.text.gray_print_reference_summary</name>
         <load_address>0x27e4</load_address>
         <readonly>true</readonly>
         <executable>true</executable>
         <run_address>0x27e4</run_address>
         <size>0x4d4</size>
         <alignment>0x4</alignment>
         <input_file_ref idref="fl-1"/>
      </object_component>
      <object_component id="oc-8b">
         <name>.text.gray_print_help</name>
         <load_address>0x2cb8</load_address>
         <readonly>true</readonly>
         <executable>true</executable>
         <run_address>0x2cb8</run_address>
         <size>0x3a0</size>
         <alignment>0x4</alignment>
         <input_file_ref idref="fl-1"/>
      </object_component>
      <object_component id="oc-11d">
         <name>.text.gray_capture_reference</name>
         <load_address>0x3058</load_address>
         <readonly>true</readonly>
         <executable>true</executable>
         <run_address>0x3058</run_address>
         <size>0x1f8</size>
         <alignment>0x4</alignment>
         <input_file_ref idref="fl-1"/>
      </object_component>
      <object_component id="oc-11e">
         <name>.text.gray_update_calibration</name>
         <load_address>0x3250</load_address>
         <readonly>true</readonly>
         <executable>true</executable>
         <run_address>0x3250</run_address>
         <size>0x148</size>
         <alignment>0x4</alignment>
         <input_file_ref idref="fl-1"/>
      </object_component>
      <object_component id="oc-10c">
         <name>.text.DL_Timer_initFourCCPWMMode</name>
         <load_address>0x3398</load_address>
         <readonly>true</readonly>
         <executable>true</executable>
         <run_address>0x3398</run_address>
         <size>0x104</size>
         <alignment>0x4</alignment>
         <input_file_ref idref="fl-13"/>
      </object_component>
      <object_component id="oc-17f">
         <name>.text</name>
         <load_address>0x349c</load_address>
         <readonly>true</readonly>
         <executable>true</executable>
         <run_address>0x349c</run_address>
         <size>0xa2</size>
         <alignment>0x4</alignment>
         <input_file_ref idref="fl-161"/>
      </object_component>
      <object_component id="oc-7b">
         <name>.text:memcpy</name>
         <load_address>0x353e</load_address>
         <readonly>true</readonly>
         <executable>true</executable>
         <run_address>0x353e</run_address>
         <size>0x9a</size>
         <alignment>0x1</alignment>
         <input_file_ref idref="fl-16a"/>
      </object_component>
      <object_component id="oc-d9">
         <name>.text.command_equals</name>
         <load_address>0x35d8</load_address>
         <readonly>true</readonly>
         <executable>true</executable>
         <run_address>0x35d8</run_address>
         <size>0x8e</size>
         <alignment>0x2</alignment>
         <input_file_ref idref="fl-1"/>
      </object_component>
      <object_component id="oc-33">
         <name>.text.Default_Handler</name>
         <load_address>0x3666</load_address>
         <readonly>true</readonly>
         <executable>true</executable>
         <run_address>0x3666</run_address>
         <size>0x2</size>
         <alignment>0x2</alignment>
         <input_file_ref idref="fl-3"/>
      </object_component>
      <object_component id="oc-ce">
         <name>.text.SYSCFG_DL_MOTOR_PWM_init</name>
         <load_address>0x3668</load_address>
         <readonly>true</readonly>
         <executable>true</executable>
         <run_address>0x3668</run_address>
         <size>0x8c</size>
         <alignment>0x4</alignment>
         <input_file_ref idref="fl-2"/>
      </object_component>
      <object_component id="oc-1c">
         <name>.text:decompress:lzss</name>
         <load_address>0x36f4</load_address>
         <readonly>true</readonly>
         <executable>true</executable>
         <run_address>0x36f4</run_address>
         <size>0x7c</size>
         <alignment>0x4</alignment>
         <input_file_ref idref="fl-39"/>
      </object_component>
      <object_component id="oc-c9">
         <name>.text:memset</name>
         <load_address>0x3770</load_address>
         <readonly>true</readonly>
         <executable>true</executable>
         <run_address>0x3770</run_address>
         <size>0x62</size>
         <alignment>0x1</alignment>
         <input_file_ref idref="fl-16b"/>
      </object_component>
      <object_component id="oc-e6">
         <name>.text.__aeabi_idiv0</name>
         <load_address>0x37d2</load_address>
         <readonly>true</readonly>
         <executable>true</executable>
         <run_address>0x37d2</run_address>
         <size>0x2</size>
         <alignment>0x2</alignment>
         <input_file_ref idref="fl-166"/>
      </object_component>
      <object_component id="oc-cf">
         <name>.text.SYSCFG_DL_UART_0_init</name>
         <load_address>0x37d4</load_address>
         <readonly>true</readonly>
         <executable>true</executable>
         <run_address>0x37d4</run_address>
         <size>0x60</size>
         <alignment>0x4</alignment>
         <input_file_ref idref="fl-2"/>
      </object_component>
      <object_component id="oc-d0">
         <name>.text.SYSCFG_DL_ADC12_0_init</name>
         <load_address>0x3834</load_address>
         <readonly>true</readonly>
         <executable>true</executable>
         <run_address>0x3834</run_address>
         <size>0x5c</size>
         <alignment>0x4</alignment>
         <input_file_ref idref="fl-2"/>
      </object_component>
      <object_component id="oc-9d">
         <name>.text</name>
         <load_address>0x3890</load_address>
         <readonly>true</readonly>
         <executable>true</executable>
         <run_address>0x3890</run_address>
         <size>0x56</size>
         <alignment>0x4</alignment>
         <input_file_ref idref="fl-15c"/>
      </object_component>
      <object_component id="oc-1ab">
         <name>.text.__aeabi_ldiv0</name>
         <load_address>0x38e6</load_address>
         <readonly>true</readonly>
         <executable>true</executable>
         <run_address>0x38e6</run_address>
         <size>0x2</size>
         <alignment>0x2</alignment>
         <input_file_ref idref="fl-166"/>
      </object_component>
      <object_component id="oc-cb">
         <name>.text.SYSCFG_DL_GPIO_init</name>
         <load_address>0x38e8</load_address>
         <readonly>true</readonly>
         <executable>true</executable>
         <run_address>0x38e8</run_address>
         <size>0x54</size>
         <alignment>0x4</alignment>
         <input_file_ref idref="fl-2"/>
      </object_component>
      <object_component id="oc-113">
         <name>.text.DL_UART_init</name>
         <load_address>0x393c</load_address>
         <readonly>true</readonly>
         <executable>true</executable>
         <run_address>0x393c</run_address>
         <size>0x48</size>
         <alignment>0x4</alignment>
         <input_file_ref idref="fl-14"/>
      </object_component>
      <object_component id="oc-ca">
         <name>.text.SYSCFG_DL_initPower</name>
         <load_address>0x3984</load_address>
         <readonly>true</readonly>
         <executable>true</executable>
         <run_address>0x3984</run_address>
         <size>0x48</size>
         <alignment>0x4</alignment>
         <input_file_ref idref="fl-2"/>
      </object_component>
      <object_component id="oc-a1">
         <name>.text.snprintf</name>
         <load_address>0x39cc</load_address>
         <readonly>true</readonly>
         <executable>true</executable>
         <run_address>0x39cc</run_address>
         <size>0x48</size>
         <alignment>0x4</alignment>
         <input_file_ref idref="fl-31"/>
      </object_component>
      <object_component id="oc-147">
         <name>.text.atoi</name>
         <load_address>0x3a14</load_address>
         <readonly>true</readonly>
         <executable>true</executable>
         <run_address>0x3a14</run_address>
         <size>0x44</size>
         <alignment>0x4</alignment>
         <input_file_ref idref="fl-41"/>
      </object_component>
      <object_component id="oc-116">
         <name>.text.DL_ADC12_setClockConfig</name>
         <load_address>0x3a58</load_address>
         <readonly>true</readonly>
         <executable>true</executable>
         <run_address>0x3a58</run_address>
         <size>0x40</size>
         <alignment>0x4</alignment>
         <input_file_ref idref="fl-11"/>
      </object_component>
      <object_component id="oc-141">
         <name>.text</name>
         <load_address>0x3a98</load_address>
         <readonly>true</readonly>
         <executable>true</executable>
         <run_address>0x3a98</run_address>
         <size>0x40</size>
         <alignment>0x4</alignment>
         <input_file_ref idref="fl-15d"/>
      </object_component>
      <object_component id="oc-b1">
         <name>.text:__TI_auto_init_nobinit_nopinit</name>
         <load_address>0x3ad8</load_address>
         <readonly>true</readonly>
         <executable>true</executable>
         <run_address>0x3ad8</run_address>
         <size>0x3c</size>
         <alignment>0x4</alignment>
         <input_file_ref idref="fl-34"/>
      </object_component>
      <object_component id="oc-17a">
         <name>.text</name>
         <load_address>0x3b14</load_address>
         <readonly>true</readonly>
         <executable>true</executable>
         <run_address>0x3b14</run_address>
         <size>0x3a</size>
         <alignment>0x4</alignment>
         <input_file_ref idref="fl-163"/>
      </object_component>
      <object_component id="oc-ed">
         <name>.text._outs</name>
         <load_address>0x3b4e</load_address>
         <readonly>true</readonly>
         <executable>true</executable>
         <run_address>0x3b4e</run_address>
         <size>0x32</size>
         <alignment>0x2</alignment>
         <input_file_ref idref="fl-31"/>
      </object_component>
      <object_component id="oc-85">
         <name>.text.DL_UART_transmitDataBlocking</name>
         <load_address>0x3b80</load_address>
         <readonly>true</readonly>
         <executable>true</executable>
         <run_address>0x3b80</run_address>
         <size>0x30</size>
         <alignment>0x4</alignment>
         <input_file_ref idref="fl-14"/>
      </object_component>
      <object_component id="oc-cc">
         <name>.text.SYSCFG_DL_SYSCTL_init</name>
         <load_address>0x3bb0</load_address>
         <readonly>true</readonly>
         <executable>true</executable>
         <run_address>0x3bb0</run_address>
         <size>0x30</size>
         <alignment>0x4</alignment>
         <input_file_ref idref="fl-2"/>
      </object_component>
      <object_component id="oc-df">
         <name>.text.gray_capture_black</name>
         <load_address>0x3be0</load_address>
         <readonly>true</readonly>
         <executable>true</executable>
         <run_address>0x3be0</run_address>
         <size>0x2c</size>
         <alignment>0x4</alignment>
         <input_file_ref idref="fl-1"/>
      </object_component>
      <object_component id="oc-dd">
         <name>.text.gray_capture_white</name>
         <load_address>0x3c0c</load_address>
         <readonly>true</readonly>
         <executable>true</executable>
         <run_address>0x3c0c</run_address>
         <size>0x2c</size>
         <alignment>0x4</alignment>
         <input_file_ref idref="fl-1"/>
      </object_component>
      <object_component id="oc-34">
         <name>.text.ADC0_IRQHandler</name>
         <load_address>0x3c38</load_address>
         <readonly>true</readonly>
         <executable>true</executable>
         <run_address>0x3c38</run_address>
         <size>0x28</size>
         <alignment>0x4</alignment>
         <input_file_ref idref="fl-1"/>
      </object_component>
      <object_component id="oc-80">
         <name>.text.SYSCFG_DL_init</name>
         <load_address>0x3c60</load_address>
         <readonly>true</readonly>
         <executable>true</executable>
         <run_address>0x3c60</run_address>
         <size>0x28</size>
         <alignment>0x4</alignment>
         <input_file_ref idref="fl-2"/>
      </object_component>
      <object_component id="oc-54">
         <name>.text:_c_int00_noargs</name>
         <load_address>0x3c88</load_address>
         <readonly>true</readonly>
         <executable>true</executable>
         <run_address>0x3c88</run_address>
         <size>0x28</size>
         <alignment>0x4</alignment>
         <input_file_ref idref="fl-32"/>
      </object_component>
      <object_component id="oc-154">
         <name>.text</name>
         <load_address>0x3cb0</load_address>
         <readonly>true</readonly>
         <executable>true</executable>
         <run_address>0x3cb0</run_address>
         <size>0x24</size>
         <alignment>0x4</alignment>
         <input_file_ref idref="fl-157"/>
      </object_component>
      <object_component id="oc-13c">
         <name>.text.memccpy</name>
         <load_address>0x3cd4</load_address>
         <readonly>true</readonly>
         <executable>true</executable>
         <run_address>0x3cd4</run_address>
         <size>0x22</size>
         <alignment>0x2</alignment>
         <input_file_ref idref="fl-43"/>
      </object_component>
      <object_component id="oc-1ac">
         <name>.text</name>
         <load_address>0x3cf8</load_address>
         <readonly>true</readonly>
         <executable>true</executable>
         <run_address>0x3cf8</run_address>
         <size>0x1e</size>
         <alignment>0x4</alignment>
         <input_file_ref idref="fl-164"/>
      </object_component>
      <object_component id="oc-10e">
         <name>.text.DL_Timer_setCaptCompUpdateMethod</name>
         <load_address>0x3d18</load_address>
         <readonly>true</readonly>
         <executable>true</executable>
         <run_address>0x3d18</run_address>
         <size>0x1c</size>
         <alignment>0x4</alignment>
         <input_file_ref idref="fl-13"/>
      </object_component>
      <object_component id="oc-106">
         <name>.text.DL_Timer_setClockConfig</name>
         <load_address>0x3d34</load_address>
         <readonly>true</readonly>
         <executable>true</executable>
         <run_address>0x3d34</run_address>
         <size>0x1c</size>
         <alignment>0x4</alignment>
         <input_file_ref idref="fl-13"/>
      </object_component>
      <object_component id="oc-da">
         <name>.text.uart_write_crlf</name>
         <load_address>0x3d50</load_address>
         <readonly>true</readonly>
         <executable>true</executable>
         <run_address>0x3d50</run_address>
         <size>0x1c</size>
         <alignment>0x4</alignment>
         <input_file_ref idref="fl-1"/>
      </object_component>
      <object_component id="oc-63">
         <name>.text</name>
         <load_address>0x3d6c</load_address>
         <readonly>true</readonly>
         <executable>true</executable>
         <run_address>0x3d6c</run_address>
         <size>0x1a</size>
         <alignment>0x4</alignment>
         <input_file_ref idref="fl-160"/>
      </object_component>
      <object_component id="oc-10d">
         <name>.text.DL_Timer_setCaptureCompareOutCtl</name>
         <load_address>0x3d88</load_address>
         <readonly>true</readonly>
         <executable>true</executable>
         <run_address>0x3d88</run_address>
         <size>0x18</size>
         <alignment>0x4</alignment>
         <input_file_ref idref="fl-13"/>
      </object_component>
      <object_component id="oc-ee">
         <name>.text._outc</name>
         <load_address>0x3da0</load_address>
         <readonly>true</readonly>
         <executable>true</executable>
         <run_address>0x3da0</run_address>
         <size>0x18</size>
         <alignment>0x2</alignment>
         <input_file_ref idref="fl-31"/>
      </object_component>
      <object_component id="oc-4b">
         <name>.text:decompress:ZI:__TI_zero_init_nomemset</name>
         <load_address>0x3db8</load_address>
         <readonly>true</readonly>
         <executable>true</executable>
         <run_address>0x3db8</run_address>
         <size>0x16</size>
         <alignment>0x2</alignment>
         <input_file_ref idref="fl-37"/>
      </object_component>
      <object_component id="oc-159">
         <name>.text</name>
         <load_address>0x3dd0</load_address>
         <readonly>true</readonly>
         <executable>true</executable>
         <run_address>0x3dd0</run_address>
         <size>0x14</size>
         <alignment>0x4</alignment>
         <input_file_ref idref="fl-15e"/>
      </object_component>
      <object_component id="oc-112">
         <name>.text.DL_UART_setClockConfig</name>
         <load_address>0x3de4</load_address>
         <readonly>true</readonly>
         <executable>true</executable>
         <run_address>0x3de4</run_address>
         <size>0x12</size>
         <alignment>0x2</alignment>
         <input_file_ref idref="fl-14"/>
      </object_component>
      <object_component id="oc-20">
         <name>.text:decompress:none</name>
         <load_address>0x3df6</load_address>
         <readonly>true</readonly>
         <executable>true</executable>
         <run_address>0x3df6</run_address>
         <size>0x12</size>
         <alignment>0x2</alignment>
         <input_file_ref idref="fl-38"/>
      </object_component>
      <object_component id="oc-10f">
         <name>.text.DL_Timer_setCaptureCompareValue</name>
         <load_address>0x3e08</load_address>
         <readonly>true</readonly>
         <executable>true</executable>
         <run_address>0x3e08</run_address>
         <size>0x10</size>
         <alignment>0x4</alignment>
         <input_file_ref idref="fl-13"/>
      </object_component>
      <object_component id="oc-14b">
         <name>.text.wcslen</name>
         <load_address>0x3e18</load_address>
         <readonly>true</readonly>
         <executable>true</executable>
         <run_address>0x3e18</run_address>
         <size>0x10</size>
         <alignment>0x2</alignment>
         <input_file_ref idref="fl-47"/>
      </object_component>
      <object_component id="oc-13b">
         <name>.text.strlen</name>
         <load_address>0x3e28</load_address>
         <readonly>true</readonly>
         <executable>true</executable>
         <run_address>0x3e28</run_address>
         <size>0xe</size>
         <alignment>0x2</alignment>
         <input_file_ref idref="fl-3a"/>
      </object_component>
      <object_component id="oc-8c">
         <name>.text.DL_Common_delayCycles</name>
         <load_address>0x3e36</load_address>
         <readonly>true</readonly>
         <executable>true</executable>
         <run_address>0x3e36</run_address>
         <size>0xa</size>
         <alignment>0x2</alignment>
         <input_file_ref idref="fl-12"/>
      </object_component>
      <object_component id="oc-14f">
         <name>.text.__aeabi_errno_addr</name>
         <load_address>0x3e40</load_address>
         <readonly>true</readonly>
         <executable>true</executable>
         <run_address>0x3e40</run_address>
         <size>0x8</size>
         <alignment>0x4</alignment>
         <input_file_ref idref="fl-3b"/>
      </object_component>
      <object_component id="oc-44">
         <name>.text</name>
         <load_address>0x3e48</load_address>
         <readonly>true</readonly>
         <executable>true</executable>
         <run_address>0x3e48</run_address>
         <size>0x8</size>
         <alignment>0x4</alignment>
         <input_file_ref idref="fl-15f"/>
      </object_component>
      <object_component id="oc-aa">
         <name>.text:abort</name>
         <load_address>0x3e50</load_address>
         <readonly>true</readonly>
         <executable>true</executable>
         <run_address>0x3e50</run_address>
         <size>0x6</size>
         <alignment>0x2</alignment>
         <input_file_ref idref="fl-3c"/>
      </object_component>
      <object_component id="oc-f5">
         <name>.text.HOSTexit</name>
         <load_address>0x3e56</load_address>
         <readonly>true</readonly>
         <executable>true</executable>
         <run_address>0x3e56</run_address>
         <size>0x4</size>
         <alignment>0x2</alignment>
         <input_file_ref idref="fl-144"/>
      </object_component>
      <object_component id="oc-2f">
         <name>.text.Reset_Handler</name>
         <load_address>0x3e5a</load_address>
         <readonly>true</readonly>
         <executable>true</executable>
         <run_address>0x3e5a</run_address>
         <size>0x4</size>
         <alignment>0x2</alignment>
         <input_file_ref idref="fl-3"/>
      </object_component>
      <object_component id="oc-67">
         <name>.text._system_pre_init</name>
         <load_address>0x3e5e</load_address>
         <readonly>true</readonly>
         <executable>true</executable>
         <run_address>0x3e5e</run_address>
         <size>0x4</size>
         <alignment>0x2</alignment>
         <input_file_ref idref="fl-35"/>
      </object_component>
      <object_component id="oc-22d">
         <name>__TI_handler_table</name>
         <load_address>0x4040</load_address>
         <readonly>true</readonly>
         <run_address>0x4040</run_address>
         <size>0xc</size>
         <alignment>0x4</alignment>
      </object_component>
      <object_component id="oc-230">
         <name>.cinit..bss.load</name>
         <load_address>0x404c</load_address>
         <readonly>true</readonly>
         <run_address>0x404c</run_address>
         <size>0x8</size>
         <alignment>0x4</alignment>
      </object_component>
      <object_component id="oc-22f">
         <name>.cinit..data.load</name>
         <load_address>0x4054</load_address>
         <readonly>true</readonly>
         <run_address>0x4054</run_address>
         <size>0x8</size>
         <alignment>0x1</alignment>
      </object_component>
      <object_component id="oc-22e">
         <name>__TI_cinit_table</name>
         <load_address>0x405c</load_address>
         <readonly>true</readonly>
         <run_address>0x405c</run_address>
         <size>0x10</size>
         <alignment>0x4</alignment>
      </object_component>
      <object_component id="oc-16f">
         <name>.rodata:__aeabi_ctype_table_</name>
         <load_address>0x3e70</load_address>
         <readonly>true</readonly>
         <run_address>0x3e70</run_address>
         <size>0x101</size>
         <alignment>0x10</alignment>
         <input_file_ref idref="fl-4d"/>
      </object_component>
      <object_component id="oc-158">
         <name>.rodata.str1.10348868589481759720.1</name>
         <load_address>0x3f71</load_address>
         <readonly>true</readonly>
         <run_address>0x3f71</run_address>
         <size>0x11</size>
         <alignment>0x1</alignment>
         <input_file_ref idref="fl-3a"/>
      </object_component>
      <object_component id="oc-140">
         <name>.rodata.str1.15363888844622738466.1</name>
         <load_address>0x3f82</load_address>
         <readonly>true</readonly>
         <run_address>0x3f82</run_address>
         <size>0x11</size>
         <alignment>0x1</alignment>
         <input_file_ref idref="fl-3a"/>
      </object_component>
      <object_component id="oc-92">
         <name>.rodata.str1.17100365937914993862.1</name>
         <load_address>0x3f93</load_address>
         <readonly>true</readonly>
         <run_address>0x3f93</run_address>
         <size>0x11</size>
         <alignment>0x1</alignment>
         <input_file_ref idref="fl-1"/>
      </object_component>
      <object_component id="oc-a9">
         <name>.rodata..Lswitch.table.main</name>
         <load_address>0x3fa4</load_address>
         <readonly>true</readonly>
         <run_address>0x3fa4</run_address>
         <size>0x10</size>
         <alignment>0x4</alignment>
         <input_file_ref idref="fl-1"/>
      </object_component>
      <object_component id="oc-120">
         <name>.rodata..Lswitch.table.gray_print_status</name>
         <load_address>0x3fb4</load_address>
         <readonly>true</readonly>
         <run_address>0x3fb4</run_address>
         <size>0xc</size>
         <alignment>0x4</alignment>
         <input_file_ref idref="fl-1"/>
      </object_component>
      <object_component id="oc-115">
         <name>.rodata.gUART_0Config</name>
         <load_address>0x3fc0</load_address>
         <readonly>true</readonly>
         <run_address>0x3fc0</run_address>
         <size>0xa</size>
         <alignment>0x2</alignment>
         <input_file_ref idref="fl-2"/>
      </object_component>
      <object_component id="oc-f3">
         <name>.rodata.str1.13261240389824687667.1</name>
         <load_address>0x3fca</load_address>
         <readonly>true</readonly>
         <run_address>0x3fca</run_address>
         <size>0x9</size>
         <alignment>0x1</alignment>
         <input_file_ref idref="fl-1"/>
      </object_component>
      <object_component id="oc-11c">
         <name>.rodata.gADC12_0ClockConfig</name>
         <load_address>0x3fd4</load_address>
         <readonly>true</readonly>
         <run_address>0x3fd4</run_address>
         <size>0x8</size>
         <alignment>0x4</alignment>
         <input_file_ref idref="fl-2"/>
      </object_component>
      <object_component id="oc-111">
         <name>.rodata.gMOTOR_PWMConfig</name>
         <load_address>0x3fdc</load_address>
         <readonly>true</readonly>
         <run_address>0x3fdc</run_address>
         <size>0x8</size>
         <alignment>0x4</alignment>
         <input_file_ref idref="fl-2"/>
      </object_component>
      <object_component id="oc-e5">
         <name>.rodata.str1.17886131730342418705.1</name>
         <load_address>0x3fe4</load_address>
         <readonly>true</readonly>
         <run_address>0x3fe4</run_address>
         <size>0x7</size>
         <alignment>0x1</alignment>
         <input_file_ref idref="fl-1"/>
      </object_component>
      <object_component id="oc-e3">
         <name>.rodata.str1.1253969330244694382.1</name>
         <load_address>0x3feb</load_address>
         <readonly>true</readonly>
         <run_address>0x3feb</run_address>
         <size>0x6</size>
         <alignment>0x1</alignment>
         <input_file_ref idref="fl-1"/>
      </object_component>
      <object_component id="oc-e4">
         <name>.rodata.str1.16709903642768270689.1</name>
         <load_address>0x3ff1</load_address>
         <readonly>true</readonly>
         <run_address>0x3ff1</run_address>
         <size>0x6</size>
         <alignment>0x1</alignment>
         <input_file_ref idref="fl-1"/>
      </object_component>
      <object_component id="oc-f4">
         <name>.rodata.str1.9273880872327455443.1</name>
         <load_address>0x3ff7</load_address>
         <readonly>true</readonly>
         <run_address>0x3ff7</run_address>
         <size>0x6</size>
         <alignment>0x1</alignment>
         <input_file_ref idref="fl-1"/>
      </object_component>
      <object_component id="oc-db">
         <name>.rodata.str1.101204432782223354.1</name>
         <load_address>0x3ffd</load_address>
         <readonly>true</readonly>
         <run_address>0x3ffd</run_address>
         <size>0x5</size>
         <alignment>0x1</alignment>
         <input_file_ref idref="fl-1"/>
      </object_component>
      <object_component id="oc-e2">
         <name>.rodata.str1.15967779794922834835.1</name>
         <load_address>0x4002</load_address>
         <readonly>true</readonly>
         <run_address>0x4002</run_address>
         <size>0x5</size>
         <alignment>0x1</alignment>
         <input_file_ref idref="fl-1"/>
      </object_component>
      <object_component id="oc-f2">
         <name>.rodata.str1.16839123753901408871.1</name>
         <load_address>0x4007</load_address>
         <readonly>true</readonly>
         <run_address>0x4007</run_address>
         <size>0x5</size>
         <alignment>0x1</alignment>
         <input_file_ref idref="fl-1"/>
      </object_component>
      <object_component id="oc-f1">
         <name>.rodata.str1.9304625059846063805.1</name>
         <load_address>0x400c</load_address>
         <readonly>true</readonly>
         <run_address>0x400c</run_address>
         <size>0x5</size>
         <alignment>0x1</alignment>
         <input_file_ref idref="fl-1"/>
      </object_component>
      <object_component id="oc-e0">
         <name>.rodata.str1.10059295903439925133.1</name>
         <load_address>0x4011</load_address>
         <readonly>true</readonly>
         <run_address>0x4011</run_address>
         <size>0x4</size>
         <alignment>0x1</alignment>
         <input_file_ref idref="fl-1"/>
      </object_component>
      <object_component id="oc-a7">
         <name>.rodata.str1.136983083021898529.1</name>
         <load_address>0x4015</load_address>
         <readonly>true</readonly>
         <run_address>0x4015</run_address>
         <size>0x4</size>
         <alignment>0x1</alignment>
         <input_file_ref idref="fl-1"/>
      </object_component>
      <object_component id="oc-e1">
         <name>.rodata.str1.17676052816137622666.1</name>
         <load_address>0x4019</load_address>
         <readonly>true</readonly>
         <run_address>0x4019</run_address>
         <size>0x4</size>
         <alignment>0x1</alignment>
         <input_file_ref idref="fl-1"/>
      </object_component>
      <object_component id="oc-a8">
         <name>.rodata.str1.7495650265820658336.1</name>
         <load_address>0x401d</load_address>
         <readonly>true</readonly>
         <run_address>0x401d</run_address>
         <size>0x4</size>
         <alignment>0x1</alignment>
         <input_file_ref idref="fl-1"/>
      </object_component>
      <object_component id="oc-110">
         <name>.rodata.gMOTOR_PWMClockConfig</name>
         <load_address>0x4021</load_address>
         <readonly>true</readonly>
         <run_address>0x4021</run_address>
         <size>0x3</size>
         <alignment>0x1</alignment>
         <input_file_ref idref="fl-2"/>
      </object_component>
      <object_component id="oc-114">
         <name>.rodata.gUART_0ClockConfig</name>
         <load_address>0x4024</load_address>
         <readonly>true</readonly>
         <run_address>0x4024</run_address>
         <size>0x2</size>
         <alignment>0x1</alignment>
         <input_file_ref idref="fl-2"/>
      </object_component>
      <object_component id="oc-96">
         <name>.rodata.str1.15486159998237592746.1</name>
         <load_address>0x4026</load_address>
         <readonly>true</readonly>
         <run_address>0x4026</run_address>
         <size>0x2</size>
         <alignment>0x1</alignment>
         <input_file_ref idref="fl-1"/>
      </object_component>
      <object_component id="oc-95">
         <name>.rodata.str1.15930989295766594416.1</name>
         <load_address>0x4028</load_address>
         <readonly>true</readonly>
         <run_address>0x4028</run_address>
         <size>0x2</size>
         <alignment>0x1</alignment>
         <input_file_ref idref="fl-1"/>
      </object_component>
      <object_component id="oc-dc">
         <name>.rodata.str1.18230774644621384456.1</name>
         <load_address>0x402a</load_address>
         <readonly>true</readonly>
         <run_address>0x402a</run_address>
         <size>0x2</size>
         <alignment>0x1</alignment>
         <input_file_ref idref="fl-1"/>
      </object_component>
      <object_component id="oc-9a">
         <name>.rodata.str1.4000995719088696555.1</name>
         <load_address>0x402c</load_address>
         <readonly>true</readonly>
         <run_address>0x402c</run_address>
         <size>0x2</size>
         <alignment>0x1</alignment>
         <input_file_ref idref="fl-1"/>
      </object_component>
      <object_component id="oc-97">
         <name>.rodata.str1.5100843677217179155.1</name>
         <load_address>0x402e</load_address>
         <readonly>true</readonly>
         <run_address>0x402e</run_address>
         <size>0x2</size>
         <alignment>0x1</alignment>
         <input_file_ref idref="fl-1"/>
      </object_component>
      <object_component id="oc-94">
         <name>.rodata.str1.5792233746214848027.1</name>
         <load_address>0x4030</load_address>
         <readonly>true</readonly>
         <run_address>0x4030</run_address>
         <size>0x2</size>
         <alignment>0x1</alignment>
         <input_file_ref idref="fl-1"/>
      </object_component>
      <object_component id="oc-98">
         <name>.rodata.str1.6969777895189110550.1</name>
         <load_address>0x4032</load_address>
         <readonly>true</readonly>
         <run_address>0x4032</run_address>
         <size>0x2</size>
         <alignment>0x1</alignment>
         <input_file_ref idref="fl-1"/>
      </object_component>
      <object_component id="oc-99">
         <name>.rodata.str1.7079713434352825882.1</name>
         <load_address>0x4034</load_address>
         <readonly>true</readonly>
         <run_address>0x4034</run_address>
         <size>0x2</size>
         <alignment>0x1</alignment>
         <input_file_ref idref="fl-1"/>
      </object_component>
      <object_component id="oc-1f1">
         <name>.binit</name>
         <load_address>0x0</load_address>
         <readonly>true</readonly>
         <run_address>0x0</run_address>
         <size>0x0</size>
         <alignment>0x4</alignment>
      </object_component>
      <object_component id="oc-5b">
         <name>.data.gAdcReady</name>
         <load_address>0x20200140</load_address>
         <readwrite>true</readwrite>
         <run_address>0x20200140</run_address>
         <size>0x1</size>
         <alignment>0x1</alignment>
         <input_file_ref idref="fl-1"/>
      </object_component>
      <object_component id="oc-9b">
         <name>.data.gStreamMode</name>
         <load_address>0x20200142</load_address>
         <readwrite>true</readwrite>
         <run_address>0x20200142</run_address>
         <size>0x1</size>
         <alignment>0x1</alignment>
         <input_file_ref idref="fl-1"/>
      </object_component>
      <object_component id="oc-91">
         <name>.data.gCmdLen</name>
         <load_address>0x20200141</load_address>
         <readwrite>true</readwrite>
         <run_address>0x20200141</run_address>
         <size>0x1</size>
         <alignment>0x1</alignment>
         <input_file_ref idref="fl-1"/>
      </object_component>
      <object_component id="oc-9c">
         <name>.data.gCal</name>
         <load_address>0x202000c0</load_address>
         <readwrite>true</readwrite>
         <run_address>0x202000c0</run_address>
         <size>0x7c</size>
         <alignment>0x4</alignment>
         <input_file_ref idref="fl-1"/>
      </object_component>
      <object_component id="oc-176">
         <name>.data.__aeabi_errno</name>
         <load_address>0x2020013c</load_address>
         <readwrite>true</readwrite>
         <run_address>0x2020013c</run_address>
         <size>0x4</size>
         <alignment>0x4</alignment>
         <input_file_ref idref="fl-3b"/>
      </object_component>
      <object_component id="oc-93">
         <name>.bss.gCmdBuf</name>
         <uninitialized>true</uninitialized>
         <readwrite>true</readwrite>
         <run_address>0x202000a0</run_address>
         <size>0x20</size>
         <alignment>0x1</alignment>
         <input_file_ref idref="fl-1"/>
      </object_component>
      <object_component id="oc-d1">
         <name>.common:gMOTOR_PWMBackup</name>
         <uninitialized>true</uninitialized>
         <readwrite>true</readwrite>
         <run_address>0x20200000</run_address>
         <size>0xa0</size>
         <alignment>0x4</alignment>
      </object_component>
      <object_component id="oc-1a">
         <name>.stack</name>
         <uninitialized>true</uninitialized>
         <readwrite>true</readwrite>
         <run_address>0x20207e00</run_address>
         <size>0x4</size>
         <alignment>0x4</alignment>
         <input_file_ref idref="fl-32"/>
      </object_component>
      <object_component id="oc-232">
         <name>.stack</name>
         <uninitialized>true</uninitialized>
         <readwrite>true</readwrite>
         <run_address>0x20207e00</run_address>
         <size>0x0</size>
         <alignment>0x8</alignment>
      </object_component>
      <object_component id="oc-5e">
         <name>.debug_loc</name>
         <load_address>0x0</load_address>
         <run_address>0x0</run_address>
         <size>0x424b</size>
         <alignment>0x1</alignment>
         <input_file_ref idref="fl-1"/>
      </object_component>
      <object_component id="oc-cd">
         <name>.debug_loc</name>
         <load_address>0x424b</load_address>
         <run_address>0x424b</run_address>
         <size>0x155</size>
         <alignment>0x1</alignment>
         <input_file_ref idref="fl-2"/>
      </object_component>
      <object_component id="oc-117">
         <name>.debug_loc</name>
         <load_address>0x43a0</load_address>
         <run_address>0x43a0</run_address>
         <size>0xc7</size>
         <alignment>0x1</alignment>
         <input_file_ref idref="fl-11"/>
      </object_component>
      <object_component id="oc-d8">
         <name>.debug_loc</name>
         <load_address>0x4467</load_address>
         <run_address>0x4467</run_address>
         <size>0x13</size>
         <alignment>0x1</alignment>
         <input_file_ref idref="fl-12"/>
      </object_component>
      <object_component id="oc-10b">
         <name>.debug_loc</name>
         <load_address>0x447a</load_address>
         <run_address>0x447a</run_address>
         <size>0x1b12</size>
         <alignment>0x1</alignment>
         <input_file_ref idref="fl-13"/>
      </object_component>
      <object_component id="oc-86">
         <name>.debug_loc</name>
         <load_address>0x5f8c</load_address>
         <run_address>0x5f8c</run_address>
         <size>0x7e4</size>
         <alignment>0x1</alignment>
         <input_file_ref idref="fl-14"/>
      </object_component>
      <object_component id="oc-a5">
         <name>.debug_loc</name>
         <load_address>0x6770</load_address>
         <run_address>0x6770</run_address>
         <size>0x193</size>
         <alignment>0x1</alignment>
         <input_file_ref idref="fl-31"/>
      </object_component>
      <object_component id="oc-3f">
         <name>.debug_loc</name>
         <load_address>0x6903</load_address>
         <run_address>0x6903</run_address>
         <size>0xd8</size>
         <alignment>0x1</alignment>
         <input_file_ref idref="fl-32"/>
      </object_component>
      <object_component id="oc-b2">
         <name>.debug_loc</name>
         <load_address>0x69db</load_address>
         <run_address>0x69db</run_address>
         <size>0x45a</size>
         <alignment>0x1</alignment>
         <input_file_ref idref="fl-34"/>
      </object_component>
      <object_component id="oc-4c">
         <name>.debug_loc</name>
         <load_address>0x6e35</load_address>
         <run_address>0x6e35</run_address>
         <size>0x16c</size>
         <alignment>0x1</alignment>
         <input_file_ref idref="fl-37"/>
      </object_component>
      <object_component id="oc-4a">
         <name>.debug_loc</name>
         <load_address>0x6fa1</load_address>
         <run_address>0x6fa1</run_address>
         <size>0x6f</size>
         <alignment>0x1</alignment>
         <input_file_ref idref="fl-38"/>
      </object_component>
      <object_component id="oc-42">
         <name>.debug_loc</name>
         <load_address>0x7010</load_address>
         <run_address>0x7010</run_address>
         <size>0x172</size>
         <alignment>0x1</alignment>
         <input_file_ref idref="fl-39"/>
      </object_component>
      <object_component id="oc-126">
         <name>.debug_loc</name>
         <load_address>0x7182</load_address>
         <run_address>0x7182</run_address>
         <size>0x347b</size>
         <alignment>0x1</alignment>
         <input_file_ref idref="fl-3a"/>
      </object_component>
      <object_component id="oc-179">
         <name>.debug_loc</name>
         <load_address>0xa5fd</load_address>
         <run_address>0xa5fd</run_address>
         <size>0x101</size>
         <alignment>0x1</alignment>
         <input_file_ref idref="fl-3b"/>
      </object_component>
      <object_component id="oc-b0">
         <name>.debug_loc</name>
         <load_address>0xa6fe</load_address>
         <run_address>0xa6fe</run_address>
         <size>0x26</size>
         <alignment>0x1</alignment>
         <input_file_ref idref="fl-3c"/>
      </object_component>
      <object_component id="oc-172">
         <name>.debug_loc</name>
         <load_address>0xa724</load_address>
         <run_address>0xa724</run_address>
         <size>0x66</size>
         <alignment>0x1</alignment>
         <input_file_ref idref="fl-41"/>
      </object_component>
      <object_component id="oc-16d">
         <name>.debug_loc</name>
         <load_address>0xa78a</load_address>
         <run_address>0xa78a</run_address>
         <size>0xbf</size>
         <alignment>0x1</alignment>
         <input_file_ref idref="fl-43"/>
      </object_component>
      <object_component id="oc-175">
         <name>.debug_loc</name>
         <load_address>0xa849</load_address>
         <run_address>0xa849</run_address>
         <size>0x33</size>
         <alignment>0x1</alignment>
         <input_file_ref idref="fl-47"/>
      </object_component>
      <object_component id="oc-123">
         <name>.debug_loc</name>
         <load_address>0xa87c</load_address>
         <run_address>0xa87c</run_address>
         <size>0x20</size>
         <alignment>0x1</alignment>
         <input_file_ref idref="fl-166"/>
      </object_component>
      <object_component id="oc-5c">
         <name>.debug_abbrev</name>
         <load_address>0x0</load_address>
         <run_address>0x0</run_address>
         <size>0x353</size>
         <alignment>0x1</alignment>
         <input_file_ref idref="fl-1"/>
      </object_component>
      <object_component id="oc-d2">
         <name>.debug_abbrev</name>
         <load_address>0x353</load_address>
         <run_address>0x353</run_address>
         <size>0x1f4</size>
         <alignment>0x1</alignment>
         <input_file_ref idref="fl-2"/>
      </object_component>
      <object_component id="oc-39">
         <name>.debug_abbrev</name>
         <load_address>0x547</load_address>
         <run_address>0x547</run_address>
         <size>0x6d</size>
         <alignment>0x1</alignment>
         <input_file_ref idref="fl-3"/>
      </object_component>
      <object_component id="oc-139">
         <name>.debug_abbrev</name>
         <load_address>0x5b4</load_address>
         <run_address>0x5b4</run_address>
         <size>0x171</size>
         <alignment>0x1</alignment>
         <input_file_ref idref="fl-11"/>
      </object_component>
      <object_component id="oc-d6">
         <name>.debug_abbrev</name>
         <load_address>0x725</load_address>
         <run_address>0x725</run_address>
         <size>0x62</size>
         <alignment>0x1</alignment>
         <input_file_ref idref="fl-12"/>
      </object_component>
      <object_component id="oc-137">
         <name>.debug_abbrev</name>
         <load_address>0x787</load_address>
         <run_address>0x787</run_address>
         <size>0x2a4</size>
         <alignment>0x1</alignment>
         <input_file_ref idref="fl-13"/>
      </object_component>
      <object_component id="oc-d4">
         <name>.debug_abbrev</name>
         <load_address>0xa2b</load_address>
         <run_address>0xa2b</run_address>
         <size>0x29b</size>
         <alignment>0x1</alignment>
         <input_file_ref idref="fl-14"/>
      </object_component>
      <object_component id="oc-ef">
         <name>.debug_abbrev</name>
         <load_address>0xcc6</load_address>
         <run_address>0xcc6</run_address>
         <size>0xf7</size>
         <alignment>0x1</alignment>
         <input_file_ref idref="fl-31"/>
      </object_component>
      <object_component id="oc-3b">
         <name>.debug_abbrev</name>
         <load_address>0xdbd</load_address>
         <run_address>0xdbd</run_address>
         <size>0xaf</size>
         <alignment>0x1</alignment>
         <input_file_ref idref="fl-32"/>
      </object_component>
      <object_component id="oc-ff">
         <name>.debug_abbrev</name>
         <load_address>0xe6c</load_address>
         <run_address>0xe6c</run_address>
         <size>0x172</size>
         <alignment>0x1</alignment>
         <input_file_ref idref="fl-34"/>
      </object_component>
      <object_component id="oc-7e">
         <name>.debug_abbrev</name>
         <load_address>0xfde</load_address>
         <run_address>0xfde</run_address>
         <size>0x39</size>
         <alignment>0x1</alignment>
         <input_file_ref idref="fl-35"/>
      </object_component>
      <object_component id="oc-61">
         <name>.debug_abbrev</name>
         <load_address>0x1017</load_address>
         <run_address>0x1017</run_address>
         <size>0xc2</size>
         <alignment>0x1</alignment>
         <input_file_ref idref="fl-37"/>
      </object_component>
      <object_component id="oc-48">
         <name>.debug_abbrev</name>
         <load_address>0x10d9</load_address>
         <run_address>0x10d9</run_address>
         <size>0x70</size>
         <alignment>0x1</alignment>
         <input_file_ref idref="fl-38"/>
      </object_component>
      <object_component id="oc-40">
         <name>.debug_abbrev</name>
         <load_address>0x1149</load_address>
         <run_address>0x1149</run_address>
         <size>0x8d</size>
         <alignment>0x1</alignment>
         <input_file_ref idref="fl-39"/>
      </object_component>
      <object_component id="oc-145">
         <name>.debug_abbrev</name>
         <load_address>0x11d6</load_address>
         <run_address>0x11d6</run_address>
         <size>0x2d5</size>
         <alignment>0x1</alignment>
         <input_file_ref idref="fl-3a"/>
      </object_component>
      <object_component id="oc-177">
         <name>.debug_abbrev</name>
         <load_address>0x14ab</load_address>
         <run_address>0x14ab</run_address>
         <size>0x148</size>
         <alignment>0x1</alignment>
         <input_file_ref idref="fl-3b"/>
      </object_component>
      <object_component id="oc-f9">
         <name>.debug_abbrev</name>
         <load_address>0x15f3</load_address>
         <run_address>0x15f3</run_address>
         <size>0x98</size>
         <alignment>0x1</alignment>
         <input_file_ref idref="fl-3c"/>
      </object_component>
      <object_component id="oc-170">
         <name>.debug_abbrev</name>
         <load_address>0x168b</load_address>
         <run_address>0x168b</run_address>
         <size>0x72</size>
         <alignment>0x1</alignment>
         <input_file_ref idref="fl-41"/>
      </object_component>
      <object_component id="oc-16b">
         <name>.debug_abbrev</name>
         <load_address>0x16fd</load_address>
         <run_address>0x16fd</run_address>
         <size>0x8b</size>
         <alignment>0x1</alignment>
         <input_file_ref idref="fl-43"/>
      </object_component>
      <object_component id="oc-173">
         <name>.debug_abbrev</name>
         <load_address>0x1788</load_address>
         <run_address>0x1788</run_address>
         <size>0x72</size>
         <alignment>0x1</alignment>
         <input_file_ref idref="fl-47"/>
      </object_component>
      <object_component id="oc-12c">
         <name>.debug_abbrev</name>
         <load_address>0x17fa</load_address>
         <run_address>0x17fa</run_address>
         <size>0x2c</size>
         <alignment>0x1</alignment>
         <input_file_ref idref="fl-144"/>
      </object_component>
      <object_component id="oc-17e">
         <name>.debug_abbrev</name>
         <load_address>0x1826</load_address>
         <run_address>0x1826</run_address>
         <size>0x27</size>
         <alignment>0x1</alignment>
         <input_file_ref idref="fl-157"/>
      </object_component>
      <object_component id="oc-eb">
         <name>.debug_abbrev</name>
         <load_address>0x184d</load_address>
         <run_address>0x184d</run_address>
         <size>0x27</size>
         <alignment>0x1</alignment>
         <input_file_ref idref="fl-15c"/>
      </object_component>
      <object_component id="oc-16e">
         <name>.debug_abbrev</name>
         <load_address>0x1874</load_address>
         <run_address>0x1874</run_address>
         <size>0x27</size>
         <alignment>0x1</alignment>
         <input_file_ref idref="fl-15d"/>
      </object_component>
      <object_component id="oc-183">
         <name>.debug_abbrev</name>
         <load_address>0x189b</load_address>
         <run_address>0x189b</run_address>
         <size>0x27</size>
         <alignment>0x1</alignment>
         <input_file_ref idref="fl-15e"/>
      </object_component>
      <object_component id="oc-60">
         <name>.debug_abbrev</name>
         <load_address>0x18c2</load_address>
         <run_address>0x18c2</run_address>
         <size>0x27</size>
         <alignment>0x1</alignment>
         <input_file_ref idref="fl-15f"/>
      </object_component>
      <object_component id="oc-7d">
         <name>.debug_abbrev</name>
         <load_address>0x18e9</load_address>
         <run_address>0x18e9</run_address>
         <size>0x27</size>
         <alignment>0x1</alignment>
         <input_file_ref idref="fl-160"/>
      </object_component>
      <object_component id="oc-1b0">
         <name>.debug_abbrev</name>
         <load_address>0x1910</load_address>
         <run_address>0x1910</run_address>
         <size>0x27</size>
         <alignment>0x1</alignment>
         <input_file_ref idref="fl-161"/>
      </object_component>
      <object_component id="oc-1aa">
         <name>.debug_abbrev</name>
         <load_address>0x1937</load_address>
         <run_address>0x1937</run_address>
         <size>0x27</size>
         <alignment>0x1</alignment>
         <input_file_ref idref="fl-163"/>
      </object_component>
      <object_component id="oc-1cb">
         <name>.debug_abbrev</name>
         <load_address>0x195e</load_address>
         <run_address>0x195e</run_address>
         <size>0x27</size>
         <alignment>0x1</alignment>
         <input_file_ref idref="fl-164"/>
      </object_component>
      <object_component id="oc-121">
         <name>.debug_abbrev</name>
         <load_address>0x1985</load_address>
         <run_address>0x1985</run_address>
         <size>0x59</size>
         <alignment>0x1</alignment>
         <input_file_ref idref="fl-166"/>
      </object_component>
      <object_component id="oc-c3">
         <name>.debug_abbrev</name>
         <load_address>0x19de</load_address>
         <run_address>0x19de</run_address>
         <size>0x25</size>
         <alignment>0x1</alignment>
         <input_file_ref idref="fl-16a"/>
      </object_component>
      <object_component id="oc-105">
         <name>.debug_abbrev</name>
         <load_address>0x1a03</load_address>
         <run_address>0x1a03</run_address>
         <size>0x25</size>
         <alignment>0x1</alignment>
         <input_file_ref idref="fl-16b"/>
      </object_component>
      <object_component id="oc-234">
         <name>.debug_abbrev</name>
         <load_address>0x1a28</load_address>
         <run_address>0x1a28</run_address>
         <size>0xf</size>
         <alignment>0x0</alignment>
      </object_component>
      <object_component id="oc-35">
         <name>.debug_info</name>
         <load_address>0x0</load_address>
         <run_address>0x0</run_address>
         <size>0x4fc6</size>
         <alignment>0x1</alignment>
         <input_file_ref idref="fl-1"/>
      </object_component>
      <object_component id="oc-81">
         <name>.debug_info</name>
         <load_address>0x4fc6</load_address>
         <run_address>0x4fc6</run_address>
         <size>0x31cd</size>
         <alignment>0x1</alignment>
         <input_file_ref idref="fl-2"/>
      </object_component>
      <object_component id="oc-19">
         <name>.debug_info</name>
         <load_address>0x8193</load_address>
         <run_address>0x8193</run_address>
         <size>0x80</size>
         <alignment>0x1</alignment>
         <input_file_ref idref="fl-3"/>
      </object_component>
      <object_component id="oc-119">
         <name>.debug_info</name>
         <load_address>0x8213</load_address>
         <run_address>0x8213</run_address>
         <size>0x745</size>
         <alignment>0x1</alignment>
         <input_file_ref idref="fl-11"/>
      </object_component>
      <object_component id="oc-8e">
         <name>.debug_info</name>
         <load_address>0x8958</load_address>
         <run_address>0x8958</run_address>
         <size>0x75</size>
         <alignment>0x1</alignment>
         <input_file_ref idref="fl-12"/>
      </object_component>
      <object_component id="oc-107">
         <name>.debug_info</name>
         <load_address>0x89cd</load_address>
         <run_address>0x89cd</run_address>
         <size>0x3344</size>
         <alignment>0x1</alignment>
         <input_file_ref idref="fl-13"/>
      </object_component>
      <object_component id="oc-87">
         <name>.debug_info</name>
         <load_address>0xbd11</load_address>
         <run_address>0xbd11</run_address>
         <size>0x12cf</size>
         <alignment>0x1</alignment>
         <input_file_ref idref="fl-14"/>
      </object_component>
      <object_component id="oc-a2">
         <name>.debug_info</name>
         <load_address>0xcfe0</load_address>
         <run_address>0xcfe0</run_address>
         <size>0x1f6</size>
         <alignment>0x1</alignment>
         <input_file_ref idref="fl-31"/>
      </object_component>
      <object_component id="oc-1b">
         <name>.debug_info</name>
         <load_address>0xd1d6</load_address>
         <run_address>0xd1d6</run_address>
         <size>0x423</size>
         <alignment>0x1</alignment>
         <input_file_ref idref="fl-32"/>
      </object_component>
      <object_component id="oc-b5">
         <name>.debug_info</name>
         <load_address>0xd5f9</load_address>
         <run_address>0xd5f9</run_address>
         <size>0x796</size>
         <alignment>0x1</alignment>
         <input_file_ref idref="fl-34"/>
      </object_component>
      <object_component id="oc-69">
         <name>.debug_info</name>
         <load_address>0xdd8f</load_address>
         <run_address>0xdd8f</run_address>
         <size>0x46</size>
         <alignment>0x1</alignment>
         <input_file_ref idref="fl-35"/>
      </object_component>
      <object_component id="oc-4d">
         <name>.debug_info</name>
         <load_address>0xddd5</load_address>
         <run_address>0xddd5</run_address>
         <size>0x192</size>
         <alignment>0x1</alignment>
         <input_file_ref idref="fl-37"/>
      </object_component>
      <object_component id="oc-23">
         <name>.debug_info</name>
         <load_address>0xdf67</load_address>
         <run_address>0xdf67</run_address>
         <size>0xc6</size>
         <alignment>0x1</alignment>
         <input_file_ref idref="fl-38"/>
      </object_component>
      <object_component id="oc-1f">
         <name>.debug_info</name>
         <load_address>0xe02d</load_address>
         <run_address>0xe02d</run_address>
         <size>0x17c</size>
         <alignment>0x1</alignment>
         <input_file_ref idref="fl-39"/>
      </object_component>
      <object_component id="oc-129">
         <name>.debug_info</name>
         <load_address>0xe1a9</load_address>
         <run_address>0xe1a9</run_address>
         <size>0x1f8b</size>
         <alignment>0x1</alignment>
         <input_file_ref idref="fl-3a"/>
      </object_component>
[...]
         <origin>0x41c00000</origin>
         <length>0xff</length>
         <used_space>0x0</used_space>
         <unused_space>0xff</unused_space>
         <attributes>R</attributes>
         <usage_details>
         </usage_details>
      </memory_area>
      <memory_area display="yes" color="green">
         <name>BSL_CONFIG</name>
         <page_id>0x0</page_id>
         <origin>0x41c00100</origin>
         <length>0x80</length>
         <used_space>0x0</used_space>
         <unused_space>0x80</unused_space>
         <attributes>R</attributes>
         <usage_details>
         </usage_details>
      </memory_area>
   </placement_map>
   <cptbl_list>
      <cptbl>
         <name>__TI_cinit_table</name>
         <cprec>
            <name>.bss</name>
            <load_address>0x404c</load_address>
            <load_size>0x8</load_size>
            <run_address>0x20200000</run_address>
            <run_size>0xc0</run_size>
            <compression>zero_init</compression>
         </cprec>
         <cprec>
            <name>.data</name>
            <load_address>0x4054</load_address>
            <load_size>0x8</load_size>
            <run_address>0x202000c0</run_address>
            <run_size>0x83</run_size>
            <compression>lzss</compression>
         </cprec>
      </cptbl>
   </cptbl_list>
   <handler_table>
      <handler_table_name>__TI_handler_table</handler_table_name>
      <handler>
         <index>0x0</index>
         <name>__TI_decompress_lzss</name>
      </handler>
      <handler>
         <index>0x1</index>
         <name>__TI_decompress_none</name>
      </handler>
      <handler>
         <index>0x2</index>
         <name>__TI_zero_init</name>
      </handler>
   </handler_table>
   <symbol_table>
      <symbol id="sm-1">
         <name>__start___llvm_prf_cnts</name>
         <value>0x20200000</value>
      </symbol>
      <symbol id="sm-2">
         <name>__stop___llvm_prf_cnts</name>
         <value>0x20200000</value>
      </symbol>
      <symbol id="sm-3">
         <name>__start___llvm_prf_bits</name>
         <value>0x20200000</value>
      </symbol>
      <symbol id="sm-4">
         <name>__stop___llvm_prf_bits</name>
         <value>0x20200000</value>
      </symbol>
      <symbol id="sm-5">
         <name>__TI_CINIT_Base</name>
         <value>0x405c</value>
      </symbol>
      <symbol id="sm-6">
         <name>__TI_CINIT_Limit</name>
         <value>0x406c</value>
      </symbol>
      <symbol id="sm-7">
         <name>__TI_CINIT_Warm</name>
         <value>0x406c</value>
      </symbol>
      <symbol id="sm-8">
         <name>__TI_Handler_Table_Base</name>
         <value>0x4040</value>
      </symbol>
      <symbol id="sm-9">
         <name>__TI_Handler_Table_Limit</name>
         <value>0x404c</value>
      </symbol>
      <symbol id="sm-a">
         <name>binit</name>
         <value>0xffffffff</value>
      </symbol>
      <symbol id="sm-b">
         <name>__binit__</name>
         <value>0xffffffff</value>
      </symbol>
      <symbol id="sm-c">
         <name>__STACK_SIZE</name>
         <value>0x200</value>
      </symbol>
      <symbol id="sm-d">
         <name>__STACK_END</name>
         <value>0x20208000</value>
      </symbol>
      <symbol id="sm-e">
         <name>__TI_pprof_out_hndl</name>
         <value>0xffffffff</value>
      </symbol>
      <symbol id="sm-f">
         <name>__TI_prof_data_start</name>
         <value>0xffffffff</value>
      </symbol>
      <symbol id="sm-10">
         <name>__TI_prof_data_size</name>
         <value>0xffffffff</value>
      </symbol>
      <symbol id="sm-9a">
         <name>ADC0_IRQHandler</name>
         <value>0x3c39</value>
         <object_component_ref idref="oc-34"/>
      </symbol>
      <symbol id="sm-9b">
         <name>main</name>
         <value>0xc1</value>
         <object_component_ref idref="oc-6b"/>
      </symbol>
      <symbol id="sm-c2">
         <name>SYSCFG_DL_init</name>
         <value>0x3c61</value>
         <object_component_ref idref="oc-80"/>
      </symbol>
      <symbol id="sm-c3">
         <name>SYSCFG_DL_initPower</name>
         <value>0x3985</value>
         <object_component_ref idref="oc-ca"/>
      </symbol>
      <symbol id="sm-c4">
         <name>SYSCFG_DL_GPIO_init</name>
         <value>0x38e9</value>
         <object_component_ref idref="oc-cb"/>
      </symbol>
      <symbol id="sm-c5">
         <name>SYSCFG_DL_SYSCTL_init</name>
         <value>0x3bb1</value>
         <object_component_ref idref="oc-cc"/>
      </symbol>
      <symbol id="sm-c6">
         <name>SYSCFG_DL_MOTOR_PWM_init</name>
         <value>0x3669</value>
         <object_component_ref idref="oc-ce"/>
      </symbol>
      <symbol id="sm-c7">
         <name>SYSCFG_DL_UART_0_init</name>
         <value>0x37d5</value>
         <object_component_ref idref="oc-cf"/>
      </symbol>
      <symbol id="sm-c8">
         <name>SYSCFG_DL_ADC12_0_init</name>
         <value>0x3835</value>
         <object_component_ref idref="oc-d0"/>
      </symbol>
      <symbol id="sm-c9">
         <name>gMOTOR_PWMBackup</name>
         <value>0x20200000</value>
      </symbol>
      <symbol id="sm-d4">
         <name>Default_Handler</name>
         <value>0x3667</value>
         <object_component_ref idref="oc-33"/>
      </symbol>
      <symbol id="sm-d5">
         <name>Reset_Handler</name>
         <value>0x3e5b</value>
         <object_component_ref idref="oc-2f"/>
      </symbol>
      <symbol id="sm-d6">
         <name>interruptVectors</name>
         <value>0x0</value>
         <object_component_ref idref="oc-18"/>
      </symbol>
      <symbol id="sm-d7">
         <name>NMI_Handler</name>
         <value>0x3667</value>
         <object_component_ref idref="oc-33"/>
      </symbol>
      <symbol id="sm-d8">
         <name>HardFault_Handler</name>
         <value>0x3667</value>
         <object_component_ref idref="oc-33"/>
      </symbol>
      <symbol id="sm-d9">
         <name>SVC_Handler</name>
         <value>0x3667</value>
         <object_component_ref idref="oc-33"/>
      </symbol>
      <symbol id="sm-da">
         <name>PendSV_Handler</name>
         <value>0x3667</value>
         <object_component_ref idref="oc-33"/>
      </symbol>
      <symbol id="sm-db">
         <name>SysTick_Handler</name>
         <value>0x3667</value>
         <object_component_ref idref="oc-33"/>
      </symbol>
      <symbol id="sm-dc">
         <name>GROUP0_IRQHandler</name>
         <value>0x3667</value>
         <object_component_ref idref="oc-33"/>
      </symbol>
      <symbol id="sm-dd">
         <name>GROUP1_IRQHandler</name>
         <value>0x3667</value>
         <object_component_ref idref="oc-33"/>
      </symbol>
      <symbol id="sm-de">
         <name>TIMG8_IRQHandler</name>
         <value>0x3667</value>
         <object_component_ref idref="oc-33"/>
      </symbol>
      <symbol id="sm-df">
         <name>UART3_IRQHandler</name>
         <value>0x3667</value>
         <object_component_ref idref="oc-33"/>
      </symbol>
      <symbol id="sm-e0">
         <name>ADC1_IRQHandler</name>
         <value>0x3667</value>
         <object_component_ref idref="oc-33"/>
      </symbol>
      <symbol id="sm-e1">
         <name>CANFD0_IRQHandler</name>
         <value>0x3667</value>
         <object_component_ref idref="oc-33"/>
      </symbol>
      <symbol id="sm-e2">
         <name>DAC0_IRQHandler</name>
         <value>0x3667</value>
         <object_component_ref idref="oc-33"/>
      </symbol>
      <symbol id="sm-e3">
         <name>SPI0_IRQHandler</name>
         <value>0x3667</value>
         <object_component_ref idref="oc-33"/>
      </symbol>
      <symbol id="sm-e4">
         <name>SPI1_IRQHandler</name>
         <value>0x3667</value>
         <object_component_ref idref="oc-33"/>
      </symbol>
      <symbol id="sm-e5">
         <name>UART1_IRQHandler</name>
         <value>0x3667</value>
         <object_component_ref idref="oc-33"/>
      </symbol>
      <symbol id="sm-e6">
         <name>UART2_IRQHandler</name>
         <value>0x3667</value>
         <object_component_ref idref="oc-33"/>
      </symbol>
      <symbol id="sm-e7">
         <name>UART0_IRQHandler</name>
         <value>0x3667</value>
         <object_component_ref idref="oc-33"/>
      </symbol>
      <symbol id="sm-e8">
         <name>TIMG0_IRQHandler</name>
         <value>0x3667</value>
         <object_component_ref idref="oc-33"/>
      </symbol>
      <symbol id="sm-e9">
         <name>TIMG6_IRQHandler</name>
         <value>0x3667</value>
         <object_component_ref idref="oc-33"/>
      </symbol>
      <symbol id="sm-ea">
         <name>TIMA0_IRQHandler</name>
         <value>0x3667</value>
         <object_component_ref idref="oc-33"/>
      </symbol>
      <symbol id="sm-eb">
         <name>TIMA1_IRQHandler</name>
         <value>0x3667</value>
         <object_component_ref idref="oc-33"/>
      </symbol>
      <symbol id="sm-ec">
         <name>TIMG7_IRQHandler</name>
         <value>0x3667</value>
         <object_component_ref idref="oc-33"/>
      </symbol>
      <symbol id="sm-ed">
         <name>TIMG12_IRQHandler</name>
         <value>0x3667</value>
         <object_component_ref idref="oc-33"/>
      </symbol>
      <symbol id="sm-ee">
         <name>I2C0_IRQHandler</name>
         <value>0x3667</value>
         <object_component_ref idref="oc-33"/>
      </symbol>
      <symbol id="sm-ef">
         <name>I2C1_IRQHandler</name>
         <value>0x3667</value>
         <object_component_ref idref="oc-33"/>
      </symbol>
      <symbol id="sm-f0">
         <name>AES_IRQHandler</name>
         <value>0x3667</value>
         <object_component_ref idref="oc-33"/>
      </symbol>
      <symbol id="sm-f1">
         <name>RTC_IRQHandler</name>
         <value>0x3667</value>
         <object_component_ref idref="oc-33"/>
      </symbol>
      <symbol id="sm-f2">
         <name>DMA_IRQHandler</name>
         <value>0x3667</value>
         <object_component_ref idref="oc-33"/>
      </symbol>
      <symbol id="sm-f3">
         <name>__TI_ATRegion0_src_addr</name>
         <value>0x0</value>
      </symbol>
      <symbol id="sm-f4">
         <name>__TI_ATRegion0_trg_addr</name>
         <value>0x0</value>
      </symbol>
      <symbol id="sm-f5">
         <name>__TI_ATRegion0_region_sz</name>
         <value>0x0</value>
      </symbol>
      <symbol id="sm-f6">
         <name>__TI_ATRegion1_src_addr</name>
         <value>0x0</value>
      </symbol>
      <symbol id="sm-f7">
         <name>__TI_ATRegion1_trg_addr</name>
         <value>0x0</value>
      </symbol>
      <symbol id="sm-f8">
         <name>__TI_ATRegion1_region_sz</name>
         <value>0x0</value>
      </symbol>
      <symbol id="sm-f9">
         <name>__TI_ATRegion2_src_addr</name>
         <value>0x0</value>
      </symbol>
      <symbol id="sm-fa">
         <name>__TI_ATRegion2_trg_addr</name>
         <value>0x0</value>
      </symbol>
      <symbol id="sm-fb">
         <name>__TI_ATRegion2_region_sz</name>
         <value>0x0</value>
      </symbol>
      <symbol id="sm-106">
         <name>DL_ADC12_setClockConfig</name>
         <value>0x3a59</value>
         <object_component_ref idref="oc-116"/>
      </symbol>
      <symbol id="sm-10f">
         <name>DL_Common_delayCycles</name>
         <value>0x3e37</value>
         <object_component_ref idref="oc-8c"/>
      </symbol>
      <symbol id="sm-126">
         <name>DL_Timer_setClockConfig</name>
         <value>0x3d35</value>
         <object_component_ref idref="oc-106"/>
      </symbol>
      <symbol id="sm-127">
         <name>DL_Timer_setCaptureCompareValue</name>
         <value>0x3e09</value>
         <object_component_ref idref="oc-10f"/>
      </symbol>
      <symbol id="sm-128">
         <name>DL_Timer_setCaptCompUpdateMethod</name>
         <value>0x3d19</value>
         <object_component_ref idref="oc-10e"/>
      </symbol>
      <symbol id="sm-129">
         <name>DL_Timer_setCaptureCompareOutCtl</name>
         <value>0x3d89</value>
         <object_component_ref idref="oc-10d"/>
      </symbol>
      <symbol id="sm-12a">
         <name>DL_Timer_initFourCCPWMMode</name>
         <value>0x3399</value>
         <object_component_ref idref="oc-10c"/>
      </symbol>
      <symbol id="sm-13a">
         <name>DL_UART_init</name>
         <value>0x393d</value>
         <object_component_ref idref="oc-113"/>
      </symbol>
      <symbol id="sm-13b">
         <name>DL_UART_setClockConfig</name>
         <value>0x3de5</value>
         <object_component_ref idref="oc-112"/>
      </symbol>
      <symbol id="sm-13c">
         <name>DL_UART_transmitDataBlocking</name>
         <value>0x3b81</value>
         <object_component_ref idref="oc-85"/>
      </symbol>
      <symbol id="sm-14d">
         <name>snprintf</name>
         <value>0x39cd</value>
         <object_component_ref idref="oc-a1"/>
      </symbol>
      <symbol id="sm-158">
         <name>_c_int00_noargs</name>
         <value>0x3c89</value>
         <object_component_ref idref="oc-54"/>
      </symbol>
      <symbol id="sm-159">
         <name>__stack</name>
         <value>0x20207e00</value>
         <object_component_ref idref="oc-1a"/>
      </symbol>
      <symbol id="sm-165">
         <name>__TI_auto_init_nobinit_nopinit</name>
         <value>0x3ad9</value>
         <object_component_ref idref="oc-b1"/>
      </symbol>
      <symbol id="sm-16d">
         <name>_system_pre_init</name>
         <value>0x3e5f</value>
         <object_component_ref idref="oc-67"/>
      </symbol>
      <symbol id="sm-178">
         <name>__TI_zero_init_nomemset</name>
         <value>0x3db9</value>
         <object_component_ref idref="oc-4b"/>
      </symbol>
      <symbol id="sm-181">
         <name>__TI_decompress_none</name>
         <value>0x3df7</value>
         <object_component_ref idref="oc-20"/>
      </symbol>
      <symbol id="sm-18c">
         <name>__TI_decompress_lzss</name>
         <value>0x36f5</value>
         <object_component_ref idref="oc-1c"/>
      </symbol>
      <symbol id="sm-1b2">
         <name>__TI_printfi_nofloat</name>
         <value>0xffd</value>
         <object_component_ref idref="oc-12a"/>
      </symbol>
      <symbol id="sm-1bd">
         <name>__aeabi_errno_addr</name>
         <value>0x3e41</value>
         <object_component_ref idref="oc-14f"/>
      </symbol>
      <symbol id="sm-1be">
         <name>__aeabi_errno</name>
         <value>0x2020013c</value>
         <object_component_ref idref="oc-176"/>
      </symbol>
      <symbol id="sm-1c8">
         <name>abort</name>
         <value>0x3e51</value>
         <object_component_ref idref="oc-aa"/>
      </symbol>
      <symbol id="sm-1d6">
         <name>atoi</name>
         <value>0x3a15</value>
         <object_component_ref idref="oc-147"/>
      </symbol>
      <symbol id="sm-1e0">
         <name>memccpy</name>
         <value>0x3cd5</value>
         <object_component_ref idref="oc-13c"/>
      </symbol>
      <symbol id="sm-1ec">
         <name>wcslen</name>
         <value>0x3e19</value>
         <object_component_ref idref="oc-14b"/>
      </symbol>
      <symbol id="sm-1f2">
         <name>__aeabi_ctype_table_</name>
         <value>0x3e70</value>
         <object_component_ref idref="oc-16f"/>
      </symbol>
      <symbol id="sm-1f3">
         <name>__aeabi_ctype_table_C</name>
         <value>0x3e70</value>
         <object_component_ref idref="oc-16f"/>
      </symbol>
      <symbol id="sm-1fe">
         <name>HOSTexit</name>
         <value>0x3e57</value>
         <object_component_ref idref="oc-f5"/>
      </symbol>
      <symbol id="sm-1ff">
         <name>C$$EXIT</name>
         <value>0x3e56</value>
         <object_component_ref idref="oc-f5"/>
      </symbol>
      <symbol id="sm-214">
         <name>__aeabi_lmul</name>
         <value>0x3cb1</value>
         <object_component_ref idref="oc-154"/>
      </symbol>
      <symbol id="sm-215">
         <name>__muldi3</name>
         <value>0x3cb1</value>
         <object_component_ref idref="oc-154"/>
      </symbol>
      <symbol id="sm-21e">
         <name>__aeabi_idiv</name>
         <value>0x3891</value>
         <object_component_ref idref="oc-9d"/>
      </symbol>
      <symbol id="sm-21f">
         <name>__aeabi_idivmod</name>
         <value>0x3891</value>
         <object_component_ref idref="oc-9d"/>
      </symbol>
      <symbol id="sm-225">
         <name>__aeabi_uidiv</name>
         <value>0x3a99</value>
         <object_component_ref idref="oc-141"/>
      </symbol>
      <symbol id="sm-226">
         <name>__aeabi_uidivmod</name>
         <value>0x3a99</value>
         <object_component_ref idref="oc-141"/>
      </symbol>
      <symbol id="sm-22c">
         <name>__aeabi_uldivmod</name>
         <value>0x3dd1</value>
         <object_component_ref idref="oc-159"/>
      </symbol>
      <symbol id="sm-232">
         <name>__aeabi_memcpy</name>
         <value>0x3e49</value>
         <object_component_ref idref="oc-44"/>
      </symbol>
      <symbol id="sm-233">
         <name>__aeabi_memcpy4</name>
         <value>0x3e49</value>
         <object_component_ref idref="oc-44"/>
      </symbol>
      <symbol id="sm-234">
         <name>__aeabi_memcpy8</name>
         <value>0x3e49</value>
         <object_component_ref idref="oc-44"/>
      </symbol>
      <symbol id="sm-23a">
         <name>__aeabi_memset</name>
         <value>0x3d6d</value>
         <object_component_ref idref="oc-63"/>
      </symbol>
      <symbol id="sm-23b">
         <name>__aeabi_memset4</name>
         <value>0x3d6d</value>
         <object_component_ref idref="oc-63"/>
      </symbol>
      <symbol id="sm-23c">
         <name>__aeabi_memset8</name>
         <value>0x3d6d</value>
         <object_component_ref idref="oc-63"/>
      </symbol>
      <symbol id="sm-23d">
         <name>__aeabi_memclr</name>
         <value>0x3d7b</value>
         <object_component_ref idref="oc-63"/>
      </symbol>
      <symbol id="sm-23e">
         <name>__aeabi_memclr4</name>
         <value>0x3d7b</value>
         <object_component_ref idref="oc-63"/>
      </symbol>
      <symbol id="sm-23f">
         <name>__aeabi_memclr8</name>
         <value>0x3d7b</value>
         <object_component_ref idref="oc-63"/>
      </symbol>
      <symbol id="sm-245">
         <name>__udivmoddi4</name>
         <value>0x349d</value>
         <object_component_ref idref="oc-17f"/>
      </symbol>
      <symbol id="sm-24b">
         <name>__muldsi3</name>
         <value>0x3b15</value>
         <object_component_ref idref="oc-17a"/>
      </symbol>
      <symbol id="sm-251">
         <name>__aeabi_llsl</name>
         <value>0x3cf9</value>
         <object_component_ref idref="oc-1ac"/>
      </symbol>
      <symbol id="sm-252">
         <name>__ashldi3</name>
         <value>0x3cf9</value>
         <object_component_ref idref="oc-1ac"/>
      </symbol>
      <symbol id="sm-25e">
         <name>__aeabi_idiv0</name>
         <value>0x37d3</value>
         <object_component_ref idref="oc-e6"/>
      </symbol>
      <symbol id="sm-25f">
         <name>__aeabi_ldiv0</name>
         <value>0x38e7</value>
         <object_component_ref idref="oc-1ab"/>
      </symbol>
      <symbol id="sm-27b">
         <name>memcpy</name>
         <value>0x353f</value>
         <object_component_ref idref="oc-7b"/>
      </symbol>
      <symbol id="sm-28a">
         <name>memset</name>
         <value>0x3771</value>
         <object_component_ref idref="oc-c9"/>
      </symbol>
      <symbol id="sm-28b">
         <name>__TI_static_base__</name>
         <value>0x0</value>
      </symbol>
      <symbol id="sm-28e">
         <name>__mpu_init</name>
         <value>0x0</value>
      </symbol>
      <symbol id="sm-28f">
         <name>_system_post_cinit</name>
         <value>0x0</value>
      </symbol>
   </symbol_table>
   <title>Link successful</title>
</link_info>
